<html>
<body>
<pre>
<h1>µVision Build Log</h1>
<h2>Tool Versions:</h2>
IDE-Version: ¦ÌVision V5.17.0.0
Copyright (C) 2015 ARM Ltd and ARM Germany GmbH. All rights reserved.
License Information: Nemo User, China, LIC=HF830-B3W08-24DSS-L1VS1-V6YJP-FRQZH
 
Tool Versions:
Toolchain:       MDK-ARM Professional  Version: 5.17
Toolchain Path:  D:\Keil_v5\ARM\ARMCC\Bin
C Compiler:      Armcc.exe V5.06 update 1 (build 61)
Assembler:       Armasm.exe V5.06 update 1 (build 61)
Linker/Locator:  ArmLink.exe V5.06 update 1 (build 61)
Library Manager: ArmAr.exe V5.06 update 1 (build 61)
Hex Converter:   FromElf.exe V5.06 update 1 (build 61)
CPU DLL:         SARMCM3.DLL V5.17
Dialog DLL:      DARMCM1.DLL V1.12.0.0
Target DLL:      STLink\ST-LINKIII-KEIL_SWO.dll V2.0.18.0
Dialog DLL:      TARMCM1.DLL V1.9.0.0
 
<h2>Project:</h2>
E:\KeilCode\C1\C1_BSF\C1_BSF\MDK-ARM\C1_BSF.uvprojx
Project File Date:  04/15/2016

<h2>Output:</h2>
*** Using Compiler 'V5.06 update 1 (build 61)', folder: 'D:\Keil_v5\ARM\ARMCC\Bin'
Rebuild target 'C1_BSF Configuration'
compiling tim.c...
compiling stm32f0xx_hal_msp.c...
compiling dma.c...
compiling usart.c...
compiling gpio.c...
compiling main.c...
../Src/main.c(482): warning:  #177-D: variable "status" was declared but never referenced
  	static uint8_t status = STATUS_INIT;
../Src/main.c(484): warning:  #177-D: variable "Counter" was declared but never referenced
  	static uint32_t Counter = 0;
../Src/main.c(131): warning:  #177-D: function "sensorPowerOn" was declared but never referenced
  static void sensorPowerOn(void)
../Src/main.c(135): warning:  #177-D: function "hw_deinit" was declared but never referenced
  static void hw_deinit(void)
../Src/main.c(425): warning:  #177-D: variable "history_status" was declared but never referenced
  static uint8_t history_status = 0;
../Src/main.c: 5 warnings, 0 errors
compiling stm32f0xx_it.c...
compiling DelayCall.c...
compiling Button.c...
..\Src\Button.c(222): warning:  #177-D: variable "l" was declared but never referenced
  	listener_t* l = g_button_listener;
..\Src\Button.c: 1 warning, 0 errors
compiling Thread.c...
assembling startup_stm32f030x8.s...
compiling Console.c...
compiling FPE.c...
compiling Tick.c...
compiling IAP.c...
compiling wwdg.c...
compiling lcd.c...
..\Src\lcd.c(257): warning:  #1295-D: Deprecated declaration lcd_enterSleep - give arg types
  void lcd_enterSleep();
..\Src\lcd.c(258): warning:  #1295-D: Deprecated declaration lcd_exitSleep - give arg types
  void lcd_exitSleep();
..\Src\lcd.c(566): warning:  #550-D: variable "column" was set but never used
  		uint16_t column,row;
..\Src\lcd.c(566): warning:  #550-D: variable "row" was set but never used
  		uint16_t column,row;
..\Src\lcd.c(593): warning:  #177-D: variable "i" was declared but never referenced
  	uint16_t column1,column2,row1,row2,i,j;
..\Src\lcd.c(593): warning:  #177-D: variable "j" was declared but never referenced
  	uint16_t column1,column2,row1,row2,i,j;
..\Src\lcd.c(725): warning:  #186-D: pointless comparison of unsigned integer with zero
  		while (ytmp<0)
..\Src\lcd.c(754): warning:  #186-D: pointless comparison of unsigned integer with zero
  						while (xtmp<0)
..\Src\lcd.c(757): warning:  #188-D: enumerated type mixed with another type
  							paint = !paint;
..\Src\lcd.c(772): warning:  #188-D: enumerated type mixed with another type
  								paint = !paint;
..\Src\lcd.c(704): warning:  #177-D: variable "k" was declared but never referenced
  	uint16_t i,j,k,index=0;
..\Src\lcd.c(806): warning:  #177-D: variable "tmp" was declared but never referenced
  	uint8_t tmp[180] = {0};
..\Src\lcd.c(810): warning:  #177-D: variable "notesnull" was declared but never referenced
  	uint8_t notesnull[] = {0xff};
..\Src\lcd.c(1010): warning:  #188-D: enumerated type mixed with another type
  	oled_show_num(num_show,FALSE,xscale,yscale,3,dot_position,&num_pos,0xffff,0xffff,dir%2);
..\Src\lcd.c(870): warning:  #177-D: variable "tmp" was declared but never referenced
  	uint8_t tmp[180] = {0};
..\Src\lcd.c(875): warning:  #177-D: variable "static_byteNum" was declared but never referenced
  	static  uint8_t static_byteNum=0;
..\Src\lcd.c(899): warning:  #550-D: variable "airlevel_posclear" was set but never used
  	Rect_t airlevel_posclear = 
..\Src\lcd.c(1096): warning:  #550-D: variable "positionList" was set but never used
  	Rect_t *positionList;// = (Rect_t *)malloc(sizeof(Rect_t)*12);
..\Src\lcd.c: 18 warnings, 0 errors
compiling system_stm32f0xx.c...
compiling stm32f0xx_hal_dma.c...
compiling stm32f0xx_hal_flash_ex.c...
compiling stm32f0xx_hal_uart_ex.c...
compiling stm32f0xx_hal_uart.c...
compiling stm32f0xx_hal_rcc.c...
compiling stm32f0xx_hal_flash.c...
compiling stm32f0xx_hal.c...
compiling stm32f0xx_hal_pwr_ex.c...
compiling stm32f0xx_hal_cortex.c...
compiling stm32f0xx_hal_pwr.c...
compiling stm32f0xx_hal_rcc_ex.c...
compiling stm32f0xx_hal_gpio.c...
compiling stm32f0xx_hal_tim_ex.c...
compiling stm32f0xx_hal_tim.c...
compiling stm32f0xx_hal_wwdg.c...
linking...
Program Size: Code=14140 RO-data=7168 RW-data=428 ZI-data=1852  
"C1_BSF Configuration/\.axf" - 0 Error(s), 24 Warning(s).

<h2>Software Packages used:</h2>

Package Vendor: ARM
                http://www.keil.com/pack/ARM.CMSIS.4.5.0.pack
                ARM::CMSIS:CORE:4.3.0
                CMSIS (Cortex Microcontroller Software Interface Standard)
   * Component: CORE Version: 4.3.0

<h2>Collection of Component include folders:</h2>
  E:\KeilCode\C1\C1_BSF\C1_BSF\MDK-ARM\RTE
  D:\Keil_v5\ARM\PACK\ARM\CMSIS\4.5.0\CMSIS\Include
  D:\Keil_v5\ARM\PACK\Keil\STM32F0xx_DFP\1.4.0\Device\Include

<h2>Collection of Component Files used:</h2>

   * Component: ARM::CMSIS:CORE:4.3.0
Build Time Elapsed:  00:00:07
</pre>
</body>
</html>
