Component: ARM Compiler 5.06 update 1 (build 61) Tool: armlink [4d35a8]

==============================================================================

Section Cross References

    dma.o(i.MX_DMA_Init) refers to stm32f0xx_hal_cortex.o(i.HAL_NVIC_SetPriority) for HAL_NVIC_SetPriority
    dma.o(i.MX_DMA_Init) refers to stm32f0xx_hal_cortex.o(i.HAL_NVIC_EnableIRQ) for HAL_NVIC_EnableIRQ
    usart.o(i.HAL_UART_MspDeInit) refers to stm32f0xx_hal_gpio.o(i.HAL_GPIO_DeInit) for HAL_GPIO_DeInit
    usart.o(i.HAL_UART_MspDeInit) refers to stm32f0xx_hal_dma.o(i.HAL_DMA_DeInit) for HAL_DMA_DeInit
    usart.o(i.HAL_UART_MspInit) refers to stm32f0xx_hal_gpio.o(i.HAL_GPIO_Init) for HAL_GPIO_Init
    usart.o(i.HAL_UART_MspInit) refers to stm32f0xx_hal_dma.o(i.HAL_DMA_Init) for HAL_DMA_Init
    usart.o(i.HAL_UART_MspInit) refers to usart.o(.bss) for .bss
    usart.o(i.MX_USART2_UART_Init) refers to stm32f0xx_hal_uart.o(i.HAL_UART_Init) for HAL_UART_Init
    usart.o(i.MX_USART2_UART_Init) refers to usart.o(.bss) for .bss
    stm32f0xx_it.o(i.DMA1_Channel4_5_IRQHandler) refers to stm32f0xx_hal_dma.o(i.HAL_DMA_IRQHandler) for HAL_DMA_IRQHandler
    stm32f0xx_it.o(i.DMA1_Channel4_5_IRQHandler) refers to usart.o(.bss) for hdma_usart2_rx
    stm32f0xx_it.o(i.SysTick_Handler) refers to stm32f0xx_hal.o(i.HAL_IncTick) for HAL_IncTick
    stm32f0xx_it.o(i.SysTick_Handler) refers to stm32f0xx_hal_cortex.o(i.HAL_SYSTICK_IRQHandler) for HAL_SYSTICK_IRQHandler
    stm32f0xx_it.o(i.TIM1_BRK_UP_TRG_COM_IRQHandler) refers to stm32f0xx_hal_tim.o(i.HAL_TIM_IRQHandler) for HAL_TIM_IRQHandler
    stm32f0xx_it.o(i.TIM1_BRK_UP_TRG_COM_IRQHandler) refers to tim.o(.bss) for htim1
    main.o(i.StandbyMode_Measure) refers to stm32f0xx_hal_pwr.o(i.HAL_PWR_EnableBkUpAccess) for HAL_PWR_EnableBkUpAccess
    main.o(i.StandbyMode_Measure) refers to stm32f0xx_hal_pwr.o(i.HAL_PWR_DisableWakeUpPin) for HAL_PWR_DisableWakeUpPin
    main.o(i.StandbyMode_Measure) refers to stm32f0xx_hal_pwr.o(i.HAL_PWR_EnableWakeUpPin) for HAL_PWR_EnableWakeUpPin
    main.o(i.StandbyMode_Measure) refers to stm32f0xx_hal_pwr.o(i.HAL_PWR_EnterSTANDBYMode) for HAL_PWR_EnterSTANDBYMode
    main.o(i.SystemClock_Config) refers to stm32f0xx_hal_rcc.o(i.HAL_RCC_OscConfig) for HAL_RCC_OscConfig
    main.o(i.SystemClock_Config) refers to stm32f0xx_hal_rcc.o(i.HAL_RCC_ClockConfig) for HAL_RCC_ClockConfig
    main.o(i.SystemClock_Config) refers to stm32f0xx_hal_rcc.o(i.HAL_RCC_GetHCLKFreq) for HAL_RCC_GetHCLKFreq
    main.o(i.SystemClock_Config) refers to uidiv.o(.text) for __aeabi_uidivmod
    main.o(i.SystemClock_Config) refers to stm32f0xx_hal_cortex.o(i.HAL_SYSTICK_Config) for HAL_SYSTICK_Config
    main.o(i.SystemClock_Config) refers to stm32f0xx_hal_cortex.o(i.HAL_SYSTICK_CLKSourceConfig) for HAL_SYSTICK_CLKSourceConfig
    main.o(i.SystemClock_Config) refers to stm32f0xx_hal_cortex.o(i.HAL_NVIC_SetPriority) for HAL_NVIC_SetPriority
    main.o(i.dust_init) refers to stm32f0xx_hal_uart.o(i.HAL_UART_Receive_DMA) for HAL_UART_Receive_DMA
    main.o(i.dust_init) refers to main.o(.data) for .data
    main.o(i.dust_send) refers to strlen.o(.text) for strlen
    main.o(i.dust_send) refers to stm32f0xx_hal_uart.o(i.HAL_UART_Transmit) for HAL_UART_Transmit
    main.o(i.dust_send) refers to main.o(.data) for .data
    main.o(i.dust_update) refers to main.o(i.dust_send) for dust_send
    main.o(i.dust_update) refers to main.o(.bss) for .bss
    main.o(i.dust_update) refers to main.o(.data) for .data
    main.o(i.enterSleep) refers to stm32f0xx_hal.o(i.HAL_Delay) for HAL_Delay
    main.o(i.enterSleep) refers to stm32f0xx_hal_gpio.o(i.HAL_GPIO_Init) for HAL_GPIO_Init
    main.o(i.enterSleep) refers to stm32f0xx_hal_cortex.o(i.HAL_NVIC_SetPriority) for HAL_NVIC_SetPriority
    main.o(i.enterSleep) refers to stm32f0xx_hal_cortex.o(i.HAL_NVIC_EnableIRQ) for HAL_NVIC_EnableIRQ
    main.o(i.enterSleep) refers to stm32f0xx_hal_pwr.o(i.HAL_PWR_EnterSTOPMode) for HAL_PWR_EnterSTOPMode
    main.o(i.enterSleep) refers to stm32f0xx_hal_cortex.o(i.HAL_NVIC_SystemReset) for HAL_NVIC_SystemReset
    main.o(i.enterSleep) refers to main.o(.data) for .data
    main.o(i.hw_init) refers to gpio.o(i.MX_GPIO_Init) for MX_GPIO_Init
    main.o(i.hw_init) refers to dma.o(i.MX_DMA_Init) for MX_DMA_Init
    main.o(i.hw_init) refers to tim.o(i.MX_TIM1_Init) for MX_TIM1_Init
    main.o(i.hw_init) refers to usart.o(i.MX_USART2_UART_Init) for MX_USART2_UART_Init
    main.o(i.hw_init) refers to stm32f0xx_hal_dma.o(i.HAL_DMA_Init) for HAL_DMA_Init
    main.o(i.hw_init) refers to stm32f0xx_hal.o(i.HAL_Delay) for HAL_Delay
    main.o(i.hw_init) refers to main.o(i.dust_init) for dust_init
    main.o(i.hw_init) refers to stm32f0xx_hal_gpio.o(i.HAL_GPIO_WritePin) for HAL_GPIO_WritePin
    main.o(i.hw_init) refers to lcd.o(i.lcd_init) for lcd_init
    main.o(i.hw_init) refers to lcd.o(i.lcd_clear_all) for lcd_clear_all
    main.o(i.hw_init) refers to usart.o(.bss) for hdma_usart2_rx
[...]
    ../clib/microlib/string/strchr.c         0x00000000   Number         0  strchr.o ABSOLUTE
    ../clib/microlib/string/strlen.c         0x00000000   Number         0  strlen.o ABSOLUTE
    ../clib/microlib/string/strncasecmp.c    0x00000000   Number         0  strncasecmp.o ABSOLUTE
    ../clib/microlib/string/strncpy.c        0x00000000   Number         0  strncpy.o ABSOLUTE
    ../clib/microlib/stubs.s                 0x00000000   Number         0  iusesemip.o ABSOLUTE
    ../clib/microlib/stubs.s                 0x00000000   Number         0  iusefp.o ABSOLUTE
    ../fplib/microlib/f2d.c                  0x00000000   Number         0  f2d.o ABSOLUTE
    ../fplib/microlib/fpadd.c                0x00000000   Number         0  dadd.o ABSOLUTE
    ../fplib/microlib/fpdiv.c                0x00000000   Number         0  ddiv.o ABSOLUTE
    ../fplib/microlib/fpepilogue.c           0x00000000   Number         0  depilogue.o ABSOLUTE
    ../fplib/microlib/fpepilogue.c           0x00000000   Number         0  fepilogue.o ABSOLUTE
    ../fplib/microlib/fpfix.c                0x00000000   Number         0  dfixul.o ABSOLUTE
    ../fplib/microlib/fpfix.c                0x00000000   Number         0  dfixui.o ABSOLUTE
    ../fplib/microlib/fpflt.c                0x00000000   Number         0  dfltui.o ABSOLUTE
    ../fplib/microlib/fpflt.c                0x00000000   Number         0  ffltui.o ABSOLUTE
    ../fplib/microlib/fpmul.c                0x00000000   Number         0  dmul.o ABSOLUTE
    ../fplib/microlib/fpmul.c                0x00000000   Number         0  fmul.o ABSOLUTE
    ../fplib/microlib/fprnd.c                0x00000000   Number         0  drnd.o ABSOLUTE
    ../mathlib/round.c                       0x00000000   Number         0  round.o ABSOLUTE
    ..\Src\Button.c                          0x00000000   Number         0  button.o ABSOLUTE
    ..\Src\Console.c                         0x00000000   Number         0  console.o ABSOLUTE
    ..\Src\DelayCall.c                       0x00000000   Number         0  delaycall.o ABSOLUTE
    ..\Src\FPE.c                             0x00000000   Number         0  fpe.o ABSOLUTE
    ..\Src\IAP.c                             0x00000000   Number         0  iap.o ABSOLUTE
    ..\Src\Thread.c                          0x00000000   Number         0  thread.o ABSOLUTE
    ..\Src\Tick.c                            0x00000000   Number         0  tick.o ABSOLUTE
    ..\Src\dma.c                             0x00000000   Number         0  dma.o ABSOLUTE
    ..\Src\gpio.c                            0x00000000   Number         0  gpio.o ABSOLUTE
    ..\Src\lcd.c                             0x00000000   Number         0  lcd.o ABSOLUTE
    ..\Src\main.c                            0x00000000   Number         0  main.o ABSOLUTE
    ..\Src\stm32f0xx_hal_msp.c               0x00000000   Number         0  stm32f0xx_hal_msp.o ABSOLUTE
    ..\Src\stm32f0xx_it.c                    0x00000000   Number         0  stm32f0xx_it.o ABSOLUTE
    ..\Src\tim.c                             0x00000000   Number         0  tim.o ABSOLUTE
    ..\Src\usart.c                           0x00000000   Number         0  usart.o ABSOLUTE
    ..\Src\wwdg.c                            0x00000000   Number         0  wwdg.o ABSOLUTE
    ..\\Src\\Console.c                       0x00000000   Number         0  console.o ABSOLUTE
    ..\\Src\\FPE.c                           0x00000000   Number         0  fpe.o ABSOLUTE
    ..\\Src\\IAP.c                           0x00000000   Number         0  iap.o ABSOLUTE
    ..\\Src\\Tick.c                          0x00000000   Number         0  tick.o ABSOLUTE
    ..\\Src\\lcd.c                           0x00000000   Number         0  lcd.o ABSOLUTE
    D:/Users/TF/STM32Cube/Repository/STM32Cube_FW_F0_V1.4.0/Drivers/CMSIS/Device/ST/STM32F0xx/Source/Templates/arm/startup_stm32f030x8.s 0x00000000   Number         0  startup_stm32f030x8.o ABSOLUTE
    D:/Users/TF/STM32Cube/Repository/STM32Cube_FW_F0_V1.4.0/Drivers/CMSIS/Device/ST/STM32F0xx/Source/Templates/system_stm32f0xx.c 0x00000000   Number         0  system_stm32f0xx.o ABSOLUTE
    D:/Users/TF/STM32Cube/Repository/STM32Cube_FW_F0_V1.4.0/Drivers/STM32F0xx_HAL_Driver/Src/stm32f0xx_hal.c 0x00000000   Number         0  stm32f0xx_hal.o ABSOLUTE
    D:/Users/TF/STM32Cube/Repository/STM32Cube_FW_F0_V1.4.0/Drivers/STM32F0xx_HAL_Driver/Src/stm32f0xx_hal_cortex.c 0x00000000   Number         0  stm32f0xx_hal_cortex.o ABSOLUTE
    D:/Users/TF/STM32Cube/Repository/STM32Cube_FW_F0_V1.4.0/Drivers/STM32F0xx_HAL_Driver/Src/stm32f0xx_hal_dma.c 0x00000000   Number         0  stm32f0xx_hal_dma.o ABSOLUTE
    D:/Users/TF/STM32Cube/Repository/STM32Cube_FW_F0_V1.4.0/Drivers/STM32F0xx_HAL_Driver/Src/stm32f0xx_hal_flash.c 0x00000000   Number         0  stm32f0xx_hal_flash.o ABSOLUTE
    D:/Users/TF/STM32Cube/Repository/STM32Cube_FW_F0_V1.4.0/Drivers/STM32F0xx_HAL_Driver/Src/stm32f0xx_hal_flash_ex.c 0x00000000   Number         0  stm32f0xx_hal_flash_ex.o ABSOLUTE
    D:/Users/TF/STM32Cube/Repository/STM32Cube_FW_F0_V1.4.0/Drivers/STM32F0xx_HAL_Driver/Src/stm32f0xx_hal_gpio.c 0x00000000   Number         0  stm32f0xx_hal_gpio.o ABSOLUTE
    D:/Users/TF/STM32Cube/Repository/STM32Cube_FW_F0_V1.4.0/Drivers/STM32F0xx_HAL_Driver/Src/stm32f0xx_hal_pwr.c 0x00000000   Number         0  stm32f0xx_hal_pwr.o ABSOLUTE
    D:/Users/TF/STM32Cube/Repository/STM32Cube_FW_F0_V1.4.0/Drivers/STM32F0xx_HAL_Driver/Src/stm32f0xx_hal_pwr_ex.c 0x00000000   Number         0  stm32f0xx_hal_pwr_ex.o ABSOLUTE
    D:/Users/TF/STM32Cube/Repository/STM32Cube_FW_F0_V1.4.0/Drivers/STM32F0xx_HAL_Driver/Src/stm32f0xx_hal_rcc.c 0x00000000   Number         0  stm32f0xx_hal_rcc.o ABSOLUTE
    D:/Users/TF/STM32Cube/Repository/STM32Cube_FW_F0_V1.4.0/Drivers/STM32F0xx_HAL_Driver/Src/stm32f0xx_hal_rcc_ex.c 0x00000000   Number         0  stm32f0xx_hal_rcc_ex.o ABSOLUTE
    D:/Users/TF/STM32Cube/Repository/STM32Cube_FW_F0_V1.4.0/Drivers/STM32F0xx_HAL_Driver/Src/stm32f0xx_hal_tim.c 0x00000000   Number         0  stm32f0xx_hal_tim.o ABSOLUTE
    D:/Users/TF/STM32Cube/Repository/STM32Cube_FW_F0_V1.4.0/Drivers/STM32F0xx_HAL_Driver/Src/stm32f0xx_hal_tim_ex.c 0x00000000   Number         0  stm32f0xx_hal_tim_ex.o ABSOLUTE
    D:/Users/TF/STM32Cube/Repository/STM32Cube_FW_F0_V1.4.0/Drivers/STM32F0xx_HAL_Driver/Src/stm32f0xx_hal_uart.c 0x00000000   Number         0  stm32f0xx_hal_uart.o ABSOLUTE
    D:/Users/TF/STM32Cube/Repository/STM32Cube_FW_F0_V1.4.0/Drivers/STM32F0xx_HAL_Driver/Src/stm32f0xx_hal_uart_ex.c 0x00000000   Number         0  stm32f0xx_hal_uart_ex.o ABSOLUTE
    D:/Users/TF/STM32Cube/Repository/STM32Cube_FW_F0_V1.4.0/Drivers/STM32F0xx_HAL_Driver/Src/stm32f0xx_hal_wwdg.c 0x00000000   Number         0  stm32f0xx_hal_wwdg.o ABSOLUTE
    D:\Users\TF\STM32Cube\Repository\STM32Cube_FW_F0_V1.4.0\Drivers\CMSIS\Device\ST\STM32F0xx\Source\Templates\system_stm32f0xx.c 0x00000000   Number         0  system_stm32f0xx.o ABSOLUTE
    D:\Users\TF\STM32Cube\Repository\STM32Cube_FW_F0_V1.4.0\Drivers\STM32F0xx_HAL_Driver\Src\stm32f0xx_hal.c 0x00000000   Number         0  stm32f0xx_hal.o ABSOLUTE
    D:\Users\TF\STM32Cube\Repository\STM32Cube_FW_F0_V1.4.0\Drivers\STM32F0xx_HAL_Driver\Src\stm32f0xx_hal_cortex.c 0x00000000   Number         0  stm32f0xx_hal_cortex.o ABSOLUTE
    D:\Users\TF\STM32Cube\Repository\STM32Cube_FW_F0_V1.4.0\Drivers\STM32F0xx_HAL_Driver\Src\stm32f0xx_hal_dma.c 0x00000000   Number         0  stm32f0xx_hal_dma.o ABSOLUTE
    D:\Users\TF\STM32Cube\Repository\STM32Cube_FW_F0_V1.4.0\Drivers\STM32F0xx_HAL_Driver\Src\stm32f0xx_hal_flash.c 0x00000000   Number         0  stm32f0xx_hal_flash.o ABSOLUTE
    D:\Users\TF\STM32Cube\Repository\STM32Cube_FW_F0_V1.4.0\Drivers\STM32F0xx_HAL_Driver\Src\stm32f0xx_hal_flash_ex.c 0x00000000   Number         0  stm32f0xx_hal_flash_ex.o ABSOLUTE
    D:\Users\TF\STM32Cube\Repository\STM32Cube_FW_F0_V1.4.0\Drivers\STM32F0xx_HAL_Driver\Src\stm32f0xx_hal_gpio.c 0x00000000   Number         0  stm32f0xx_hal_gpio.o ABSOLUTE
    D:\Users\TF\STM32Cube\Repository\STM32Cube_FW_F0_V1.4.0\Drivers\STM32F0xx_HAL_Driver\Src\stm32f0xx_hal_pwr.c 0x00000000   Number         0  stm32f0xx_hal_pwr.o ABSOLUTE
    D:\Users\TF\STM32Cube\Repository\STM32Cube_FW_F0_V1.4.0\Drivers\STM32F0xx_HAL_Driver\Src\stm32f0xx_hal_pwr_ex.c 0x00000000   Number         0  stm32f0xx_hal_pwr_ex.o ABSOLUTE
    D:\Users\TF\STM32Cube\Repository\STM32Cube_FW_F0_V1.4.0\Drivers\STM32F0xx_HAL_Driver\Src\stm32f0xx_hal_rcc.c 0x00000000   Number         0  stm32f0xx_hal_rcc.o ABSOLUTE
    D:\Users\TF\STM32Cube\Repository\STM32Cube_FW_F0_V1.4.0\Drivers\STM32F0xx_HAL_Driver\Src\stm32f0xx_hal_rcc_ex.c 0x00000000   Number         0  stm32f0xx_hal_rcc_ex.o ABSOLUTE
    D:\Users\TF\STM32Cube\Repository\STM32Cube_FW_F0_V1.4.0\Drivers\STM32F0xx_HAL_Driver\Src\stm32f0xx_hal_tim.c 0x00000000   Number         0  stm32f0xx_hal_tim.o ABSOLUTE
    D:\Users\TF\STM32Cube\Repository\STM32Cube_FW_F0_V1.4.0\Drivers\STM32F0xx_HAL_Driver\Src\stm32f0xx_hal_tim_ex.c 0x00000000   Number         0  stm32f0xx_hal_tim_ex.o ABSOLUTE
    D:\Users\TF\STM32Cube\Repository\STM32Cube_FW_F0_V1.4.0\Drivers\STM32F0xx_HAL_Driver\Src\stm32f0xx_hal_uart.c 0x00000000   Number         0  stm32f0xx_hal_uart.o ABSOLUTE
    D:\Users\TF\STM32Cube\Repository\STM32Cube_FW_F0_V1.4.0\Drivers\STM32F0xx_HAL_Driver\Src\stm32f0xx_hal_uart_ex.c 0x00000000   Number         0  stm32f0xx_hal_uart_ex.o ABSOLUTE
    D:\Users\TF\STM32Cube\Repository\STM32Cube_FW_F0_V1.4.0\Drivers\STM32F0xx_HAL_Driver\Src\stm32f0xx_hal_wwdg.c 0x00000000   Number         0  stm32f0xx_hal_wwdg.o ABSOLUTE
    cdcmple.s                                0x00000000   Number         0  cdcmple.o ABSOLUTE
    cdrcmple.s                               0x00000000   Number         0  cdrcmple.o ABSOLUTE
    dc.s                                     0x00000000   Number         0  dc.o ABSOLUTE
    handlers.s                               0x00000000   Number         0  handlers.o ABSOLUTE
    init.s                                   0x00000000   Number         0  init.o ABSOLUTE
    RESET                                    0x08000000   Section      180  startup_stm32f030x8.o(RESET)
    .ARM.Collect$$$$00000000                 0x080000b4   Section        0  entry.o(.ARM.Collect$$$$00000000)
    .ARM.Collect$$$$00000001                 0x080000b4   Section        4  entry2.o(.ARM.Collect$$$$00000001)
    .ARM.Collect$$$$00000004                 0x080000b8   Section        4  entry5.o(.ARM.Collect$$$$00000004)
    .ARM.Collect$$$$00000008                 0x080000bc   Section        0  entry7b.o(.ARM.Collect$$$$00000008)
    .ARM.Collect$$$$0000000A                 0x080000bc   Section        0  entry8b.o(.ARM.Collect$$$$0000000A)
    .ARM.Collect$$$$0000000B                 0x080000bc   Section        8  entry9a.o(.ARM.Collect$$$$0000000B)
    .ARM.Collect$$$$0000000D                 0x080000c4   Section        0  entry10a.o(.ARM.Collect$$$$0000000D)
    .ARM.Collect$$$$0000000F                 0x080000c4   Section        0  entry11a.o(.ARM.Collect$$$$0000000F)
    .ARM.Collect$$$$00002712                 0x080000c4   Section        4  entry2.o(.ARM.Collect$$$$00002712)
    __lit__00000000                          0x080000c4   Data           4  entry2.o(.ARM.Collect$$$$00002712)
    .text                                    0x080000c8   Section       28  startup_stm32f030x8.o(.text)
    .text                                    0x080000e4   Section        0  uidiv.o(.text)
    .text                                    0x08000110   Section        0  llushr.o(.text)
    .text                                    0x08000132   Section        0  memseta.o(.text)
    .text                                    0x08000156   Section        0  strlen.o(.text)
    .text                                    0x08000164   Section        0  fmul.o(.text)
    .text                                    0x080001de   Section        0  ffltui.o(.text)
    .text                                    0x080001ec   Section        0  dfltui.o(.text)
    .text                                    0x08000208   Section        0  dfixui.o(.text)
    .text                                    0x08000244   Section        0  f2d.o(.text)
    .text                                    0x0800026c   Section       40  cdcmple.o(.text)
    .text                                    0x08000294   Section        0  iusefp.o(.text)
    .text                                    0x08000294   Section        0  fepilogue.o(.text)
    .text                                    0x08000316   Section        0  depilogue.o(.text)
    .text                                    0x080003d4   Section        0  dadd.o(.text)
    .text                                    0x08000538   Section        0  drnd.o(.text)
    .text                                    0x080005b4   Section       40  cdrcmple.o(.text)
    .text                                    0x080005dc   Section       36  init.o(.text)
    .text                                    0x08000600   Section        0  llshl.o(.text)
    .text                                    0x08000620   Section        0  llsshr.o(.text)
    .text                                    0x08000646   Section        0  __dczerorl2.o(.text)
    i.DMA1_Channel4_5_IRQHandler             0x0800069c   Section        0  stm32f0xx_it.o(i.DMA1_Channel4_5_IRQHandler)
    i.DMA_SetConfig                          0x080006ac   Section        0  stm32f0xx_hal_dma.o(i.DMA_SetConfig)
    DMA_SetConfig                            0x080006ad   Thumb Code    36  stm32f0xx_hal_dma.o(i.DMA_SetConfig)
    i.FLASH_MassErase                        0x080006d0   Section        0  stm32f0xx_hal_flash_ex.o(i.FLASH_MassErase)
    FLASH_MassErase                          0x080006d1   Thumb Code    26  stm32f0xx_hal_flash_ex.o(i.FLASH_MassErase)
    i.FLASH_PageErase                        0x080006f4   Section        0  stm32f0xx_hal_flash_ex.o(i.FLASH_PageErase)
    i.FLASH_Program_HalfWord                 0x08000718   Section        0  stm32f0xx_hal_flash.o(i.FLASH_Program_HalfWord)
    FLASH_Program_HalfWord                   0x08000719   Thumb Code    24  stm32f0xx_hal_flash.o(i.FLASH_Program_HalfWord)
    i.FLASH_SetErrorCode                     0x08000738   Section        0  stm32f0xx_hal_flash.o(i.FLASH_SetErrorCode)
    FLASH_SetErrorCode                       0x08000739   Thumb Code    38  stm32f0xx_hal_flash.o(i.FLASH_SetErrorCode)
    i.FLASH_WaitForLastOperation             0x08000768   Section        0  stm32f0xx_hal_flash.o(i.FLASH_WaitForLastOperation)
    i.HAL_DMA_IRQHandler                     0x080007bc   Section        0  stm32f0xx_hal_dma.o(i.HAL_DMA_IRQHandler)
    i.HAL_DMA_Init                           0x08000990   Section        0  stm32f0xx_hal_dma.o(i.HAL_DMA_Init)
    i.HAL_DMA_Start_IT                       0x080009e8   Section        0  stm32f0xx_hal_dma.o(i.HAL_DMA_Start_IT)
    i.HAL_Delay                              0x08000a38   Section        0  stm32f0xx_hal.o(i.HAL_Delay)
    i.HAL_FLASHEx_Erase                      0x08000a50   Section        0  stm32f0xx_hal_flash_ex.o(i.HAL_FLASHEx_Erase)
    i.HAL_FLASH_Lock                         0x08000af8   Section        0  stm32f0xx_hal_flash.o(i.HAL_FLASH_Lock)
    i.HAL_FLASH_Program                      0x08000b0c   Section        0  stm32f0xx_hal_flash.o(i.HAL_FLASH_Program)
    i.HAL_FLASH_Unlock                       0x08000b98   Section        0  stm32f0xx_hal_flash.o(i.HAL_FLASH_Unlock)
    i.HAL_GPIO_Init                          0x08000bbc   Section        0  stm32f0xx_hal_gpio.o(i.HAL_GPIO_Init)
    i.HAL_GPIO_ReadPin                       0x08000d0c   Section        0  stm32f0xx_hal_gpio.o(i.HAL_GPIO_ReadPin)
    i.HAL_GPIO_WritePin                      0x08000d1a   Section        0  stm32f0xx_hal_gpio.o(i.HAL_GPIO_WritePin)
    i.HAL_GetTick                            0x08000d28   Section        0  stm32f0xx_hal.o(i.HAL_GetTick)
    i.HAL_IncTick                            0x08000d34   Section        0  stm32f0xx_hal.o(i.HAL_IncTick)
    i.HAL_Init                               0x08000d44   Section        0  stm32f0xx_hal.o(i.HAL_Init)
    i.HAL_InitTick                           0x08000d64   Section        0  stm32f0xx_hal.o(i.HAL_InitTick)
    i.HAL_MspInit                            0x08000d88   Section        0  stm32f0xx_hal_msp.o(i.HAL_MspInit)
    i.HAL_NVIC_EnableIRQ                     0x08000dac   Section        0  stm32f0xx_hal_cortex.o(i.HAL_NVIC_EnableIRQ)
    i.HAL_NVIC_SetPriority                   0x08000dc0   Section        0  stm32f0xx_hal_cortex.o(i.HAL_NVIC_SetPriority)
    i.HAL_NVIC_SystemReset                   0x08000e04   Section        0  stm32f0xx_hal_cortex.o(i.HAL_NVIC_SystemReset)
    i.HAL_RCC_ClockConfig                    0x08000e20   Section        0  stm32f0xx_hal_rcc.o(i.HAL_RCC_ClockConfig)
    i.HAL_RCC_GetHCLKFreq                    0x08001020   Section        0  stm32f0xx_hal_rcc.o(i.HAL_RCC_GetHCLKFreq)
    i.HAL_RCC_GetPCLK1Freq                   0x08001048   Section        0  stm32f0xx_hal_rcc.o(i.HAL_RCC_GetPCLK1Freq)
    i.HAL_RCC_GetSysClockFreq                0x08001068   Section        0  stm32f0xx_hal_rcc.o(i.HAL_RCC_GetSysClockFreq)
    i.HAL_RCC_OscConfig                      0x080010fc   Section        0  stm32f0xx_hal_rcc.o(i.HAL_RCC_OscConfig)
    i.HAL_SYSTICK_CLKSourceConfig            0x08001594   Section        0  stm32f0xx_hal_cortex.o(i.HAL_SYSTICK_CLKSourceConfig)
    i.HAL_SYSTICK_Callback                   0x080015b0   Section        0  stm32f0xx_hal_cortex.o(i.HAL_SYSTICK_Callback)
    i.HAL_SYSTICK_Config                     0x080015b4   Section        0  stm32f0xx_hal_cortex.o(i.HAL_SYSTICK_Config)
    i.HAL_SYSTICK_IRQHandler                 0x080015f0   Section        0  stm32f0xx_hal_cortex.o(i.HAL_SYSTICK_IRQHandler)
    i.HAL_TIMEx_BreakCallback                0x080015f8   Section        0  stm32f0xx_hal_tim_ex.o(i.HAL_TIMEx_BreakCallback)
    i.HAL_TIMEx_CommutationCallback          0x080015fa   Section        0  stm32f0xx_hal_tim_ex.o(i.HAL_TIMEx_CommutationCallback)
    i.HAL_TIMEx_MasterConfigSynchronization  0x080015fc   Section        0  stm32f0xx_hal_tim_ex.o(i.HAL_TIMEx_MasterConfigSynchronization)
    i.HAL_TIM_Base_Init                      0x08001648   Section        0  stm32f0xx_hal_tim.o(i.HAL_TIM_Base_Init)
    i.HAL_TIM_Base_MspInit                   0x08001680   Section        0  tim.o(i.HAL_TIM_Base_MspInit)
    i.HAL_TIM_Base_Start_IT                  0x080016c4   Section        0  stm32f0xx_hal_tim.o(i.HAL_TIM_Base_Start_IT)
    i.HAL_TIM_ConfigClockSource              0x080016da   Section        0  stm32f0xx_hal_tim.o(i.HAL_TIM_ConfigClockSource)
    i.HAL_TIM_IC_CaptureCallback             0x080017e2   Section        0  stm32f0xx_hal_tim.o(i.HAL_TIM_IC_CaptureCallback)
    i.HAL_TIM_IRQHandler                     0x080017e4   Section        0  stm32f0xx_hal_tim.o(i.HAL_TIM_IRQHandler)
    i.HAL_TIM_OC_DelayElapsedCallback        0x0800194e   Section        0  stm32f0xx_hal_tim.o(i.HAL_TIM_OC_DelayElapsedCallback)
    i.HAL_TIM_PWM_PulseFinishedCallback      0x08001950   Section        0  stm32f0xx_hal_tim.o(i.HAL_TIM_PWM_PulseFinishedCallback)
    i.HAL_TIM_PeriodElapsedCallback          0x08001954   Section        0  tick.o(i.HAL_TIM_PeriodElapsedCallback)
    i.HAL_TIM_TriggerCallback                0x0800197c   Section        0  stm32f0xx_hal_tim.o(i.HAL_TIM_TriggerCallback)
    i.HAL_UART_ErrorCallback                 0x0800197e   Section        0  stm32f0xx_hal_uart.o(i.HAL_UART_ErrorCallback)
    i.HAL_UART_Init                          0x08001980   Section        0  stm32f0xx_hal_uart.o(i.HAL_UART_Init)
    i.HAL_UART_MspInit                       0x080019f4   Section        0  usart.o(i.HAL_UART_MspInit)
    i.HAL_UART_Receive_DMA                   0x08001a6c   Section        0  stm32f0xx_hal_uart.o(i.HAL_UART_Receive_DMA)
    i.HAL_UART_RxCpltCallback                0x08001afc   Section        0  stm32f0xx_hal_uart.o(i.HAL_UART_RxCpltCallback)
    i.HAL_UART_RxHalfCpltCallback            0x08001afe   Section        0  stm32f0xx_hal_uart.o(i.HAL_UART_RxHalfCpltCallback)
    i.HAL_UART_Transmit                      0x08001b00   Section        0  stm32f0xx_hal_uart.o(i.HAL_UART_Transmit)
    i.HAL_WWDG_Init                          0x08001bce   Section        0  stm32f0xx_hal_wwdg.o(i.HAL_WWDG_Init)
    i.HAL_WWDG_MspInit                       0x08001c18   Section        0  wwdg.o(i.HAL_WWDG_MspInit)
    i.MX_DMA_Init                            0x08001c40   Section        0  dma.o(i.MX_DMA_Init)
    i.MX_GPIO_Init                           0x08001c68   Section        0  gpio.o(i.MX_GPIO_Init)
    i.MX_TIM1_Init                           0x08001d00   Section        0  tim.o(i.MX_TIM1_Init)
    i.MX_USART2_UART_Init                    0x08001d44   Section        0  usart.o(i.MX_USART2_UART_Init)
    i.MX_WWDG_Init                           0x08001d74   Section        0  wwdg.o(i.MX_WWDG_Init)
    i.SysTick_Handler                        0x08001d98   Section        0  stm32f0xx_it.o(i.SysTick_Handler)
    i.SystemClock_Config                     0x08001da4   Section        0  main.o(i.SystemClock_Config)
    i.SystemInit                             0x08001dfc   Section        0  system_stm32f0xx.o(i.SystemInit)
    i.TIM1_BRK_UP_TRG_COM_IRQHandler         0x08001e58   Section        0  stm32f0xx_it.o(i.TIM1_BRK_UP_TRG_COM_IRQHandler)
    i.TIM_Base_SetConfig                     0x08001e68   Section        0  stm32f0xx_hal_tim.o(i.TIM_Base_SetConfig)
    i.TIM_ETR_SetConfig                      0x08001ee8   Section        0  stm32f0xx_hal_tim.o(i.TIM_ETR_SetConfig)
    TIM_ETR_SetConfig                        0x08001ee9   Thumb Code    24  stm32f0xx_hal_tim.o(i.TIM_ETR_SetConfig)
    i.TIM_ITRx_SetConfig                     0x08001f00   Section        0  stm32f0xx_hal_tim.o(i.TIM_ITRx_SetConfig)
    TIM_ITRx_SetConfig                       0x08001f01   Thumb Code    16  stm32f0xx_hal_tim.o(i.TIM_ITRx_SetConfig)
    i.TIM_TI1_ConfigInputStage               0x08001f10   Section        0  stm32f0xx_hal_tim.o(i.TIM_TI1_ConfigInputStage)
    TIM_TI1_ConfigInputStage                 0x08001f11   Thumb Code    36  stm32f0xx_hal_tim.o(i.TIM_TI1_ConfigInputStage)
    i.TIM_TI2_ConfigInputStage               0x08001f34   Section        0  stm32f0xx_hal_tim.o(i.TIM_TI2_ConfigInputStage)
    TIM_TI2_ConfigInputStage                 0x08001f35   Thumb Code    40  stm32f0xx_hal_tim.o(i.TIM_TI2_ConfigInputStage)
    i.UART_AdvFeatureConfig                  0x08001f5c   Section        0  stm32f0xx_hal_uart.o(i.UART_AdvFeatureConfig)
    i.UART_CheckIdleState                    0x08002028   Section        0  stm32f0xx_hal_uart.o(i.UART_CheckIdleState)
    i.UART_DMAError                          0x08002038   Section        0  stm32f0xx_hal_uart.o(i.UART_DMAError)
    UART_DMAError                            0x08002039   Thumb Code    34  stm32f0xx_hal_uart.o(i.UART_DMAError)
    i.UART_DMAReceiveCplt                    0x0800205a   Section        0  stm32f0xx_hal_uart.o(i.UART_DMAReceiveCplt)
    UART_DMAReceiveCplt                      0x0800205b   Thumb Code    56  stm32f0xx_hal_uart.o(i.UART_DMAReceiveCplt)
    i.UART_DMARxHalfCplt                     0x08002092   Section        0  stm32f0xx_hal_uart.o(i.UART_DMARxHalfCplt)
    UART_DMARxHalfCplt                       0x08002093   Thumb Code    10  stm32f0xx_hal_uart.o(i.UART_DMARxHalfCplt)
    i.UART_SetConfig                         0x0800209c   Section        0  stm32f0xx_hal_uart.o(i.UART_SetConfig)
    i.UART_WaitOnFlagUntilTimeout            0x080021f0   Section        0  stm32f0xx_hal_uart.o(i.UART_WaitOnFlagUntilTimeout)
    i.__ARM_clz                              0x080022cc   Section        0  depilogue.o(i.__ARM_clz)
    i.__scatterload_copy                     0x080022fa   Section       14  handlers.o(i.__scatterload_copy)
    i.__scatterload_null                     0x08002308   Section        2  handlers.o(i.__scatterload_null)
    i.__scatterload_zeroinit                 0x0800230a   Section       14  handlers.o(i.__scatterload_zeroinit)
    i.button_addListener                     0x08002318   Section        0  button.o(i.button_addListener)
    i.button_clearStatus                     0x08002354   Section        0  button.o(i.button_clearStatus)
    i.button_getStatus                       0x0800236c   Section        0  button.o(i.button_getStatus)
    i.button_init                            0x080024c0   Section        0  button.o(i.button_init)
    i.button_removeListener                  0x08002508   Section        0  button.o(i.button_removeListener)
    i.button_run                             0x08002548   Section        0  button.o(i.button_run)
    i.button_tick                            0x0800257c   Section        0  button.o(i.button_tick)
    i.delayCall_run                          0x080025c4   Section        0  delaycall.o(i.delayCall_run)
    i.dust_init                              0x080025dc   Section        0  main.o(i.dust_init)
    i.dust_send                              0x080025f4   Section        0  main.o(i.dust_send)
    i.dust_update                            0x08002614   Section        0  main.o(i.dust_update)
    i.execute                                0x08002760   Section        0  thread.o(i.execute)
    execute                                  0x08002761   Thumb Code    60  thread.o(i.execute)
    i.fpe_init                               0x0800279c   Section        0  fpe.o(i.fpe_init)
    i.fpe_read                               0x080027b4   Section        0  fpe.o(i.fpe_read)
    i.fpe_write                              0x080027d0   Section        0  fpe.o(i.fpe_write)
    i.free                                   0x08002814   Section        0  malloc.o(i.free)
    i.getButtonById                          0x08002868   Section        0  button.o(i.getButtonById)
    getButtonById                            0x08002869   Thumb Code    26  button.o(i.getButtonById)
    i.getCurrenPage                          0x08002888   Section        0  fpe.o(i.getCurrenPage)
    getCurrenPage                            0x08002889   Thumb Code    14  fpe.o(i.getCurrenPage)
    i.getFirstFreeOffset                     0x0800289c   Section        0  fpe.o(i.getFirstFreeOffset)
    getFirstFreeOffset                       0x0800289d   Thumb Code    24  fpe.o(i.getFirstFreeOffset)
    i.getListener                            0x080028b4   Section        0  button.o(i.getListener)
    getListener                              0x080028b5   Thumb Code    32  button.o(i.getListener)
    i.getThreadGroup                         0x080028d8   Section        0  thread.o(i.getThreadGroup)
    i.hw_init                                0x080028f8   Section        0  main.o(i.hw_init)
    hw_init                                  0x080028f9   Thumb Code   102  main.o(i.hw_init)
    i.isButtonPressed                        0x08002970   Section        0  main.o(i.isButtonPressed)
    i.lcd_clear_all                          0x08002994   Section        0  lcd.o(i.lcd_clear_all)
    i.lcd_draw_rectangle                     0x080029c4   Section        0  lcd.o(i.lcd_draw_rectangle)
    i.lcd_init                               0x08002a5c   Section        0  lcd.o(i.lcd_init)
    i.lcd_setDir                             0x08002bf4   Section        0  lcd.o(i.lcd_setDir)
    i.lcd_setHigh                            0x08002c14   Section        0  lcd.o(i.lcd_setHigh)
    i.lcd_setLow                             0x08002c26   Section        0  lcd.o(i.lcd_setLow)
    i.lcd_set_showfield                      0x08002c38   Section        0  lcd.o(i.lcd_set_showfield)
    i.lcd_showStaticImage                    0x08002c94   Section        0  lcd.o(i.lcd_showStaticImage)
    i.lcd_showmap                            0x08002dc4   Section        0  lcd.o(i.lcd_showmap)
    i.lcd_shownote                           0x08002e84   Section        0  lcd.o(i.lcd_shownote)
    i.lcd_update                             0x0800303c   Section        0  main.o(i.lcd_update)
    i.lcd_update_pm25                        0x080030d8   Section        0  lcd.o(i.lcd_update_pm25)
    i.lcd_writeCommand                       0x080032dc   Section        0  lcd.o(i.lcd_writeCommand)
    i.lcd_writeData                          0x08003320   Section        0  lcd.o(i.lcd_writeData)
    i.loadFlashData                          0x08003358   Section        0  main.o(i.loadFlashData)
    loadFlashData                            0x08003359   Thumb Code    26  main.o(i.loadFlashData)
    i.main                                   0x08003378   Section        0  main.o(i.main)
    i.malloc                                 0x0800348c   Section        0  malloc.o(i.malloc)
    i.oled_show_num                          0x080034f8   Section        0  lcd.o(i.oled_show_num)
    i.onModeButtonPressed                    0x08003688   Section        0  main.o(i.onModeButtonPressed)
    i.onPowerButtonPressed                   0x08003710   Section        0  main.o(i.onPowerButtonPressed)
    i.readInPage                             0x08003738   Section        0  fpe.o(i.readInPage)
    readInPage                               0x08003739   Thumb Code    42  fpe.o(i.readInPage)
    i.reorder                                0x08003762   Section        0  fpe.o(i.reorder)
    reorder                                  0x08003763   Thumb Code   152  fpe.o(i.reorder)
    i.round                                  0x080037fc   Section        0  round.o(i.round)
    i.thread_add                             0x08003898   Section        0  thread.o(i.thread_add)
    i.thread_init                            0x080038dc   Section        0  thread.o(i.thread_init)
    i.thread_quickAdd                        0x08003908   Section        0  thread.o(i.thread_quickAdd)
    i.thread_remove                          0x08003944   Section        0  thread.o(i.thread_remove)
    i.thread_run                             0x08003980   Section        0  thread.o(i.thread_run)
    i.tick_add                               0x080039e0   Section        0  tick.o(i.tick_add)
    i.tick_init                              0x080039f4   Section        0  tick.o(i.tick_init)
    i.tick_start                             0x08003a0c   Section        0  tick.o(i.tick_start)
    i.writeInPage                            0x08003a18   Section        0  fpe.o(i.writeInPage)
    writeInPage                              0x08003a19   Thumb Code    88  fpe.o(i.writeInPage)
    .constdata                               0x08003a70   Section      120  lcd.o(.constdata)
    .constdata                               0x08003ae8   Section      120  lcd.o(.constdata)
    .constdata                               0x08003b60   Section      450  lcd.o(.constdata)
    .constdata                               0x08003d24   Section     4720  lcd.o(.constdata)
    .constdata                               0x08004f94   Section      450  lcd.o(.constdata)
    .constdata                               0x08005156   Section      450  lcd.o(.constdata)
    .constdata                               0x08005318   Section       44  lcd.o(.constdata)
    .constdata                               0x08005344   Section       52  lcd.o(.constdata)
    .constdata                               0x08005378   Section       76  lcd.o(.constdata)
    .constdata                               0x080053c4   Section       76  lcd.o(.constdata)
    .constdata                               0x08005410   Section       50  lcd.o(.constdata)
    .constdata                               0x08005442   Section       76  lcd.o(.constdata)
    .constdata                               0x0800548e   Section       74  lcd.o(.constdata)
    .constdata                               0x080054d8   Section       31  lcd.o(.constdata)
    .constdata                               0x080054f7   Section       72  lcd.o(.constdata)
    .constdata                               0x0800553f   Section       74  lcd.o(.constdata)
    .constdata                               0x08005589   Section       16  stm32f0xx_hal_rcc.o(.constdata)
    .data                                    0x20000000   Section       32  main.o(.data)
    initCounter                              0x2000001c   Data           4  main.o(.data)
    .data                                    0x20000020   Section       12  button.o(.data)
    .data                                    0x2000002c   Section        4  delaycall.o(.data)
    .data                                    0x20000030   Section        8  fpe.o(.data)
    .data                                    0x20000038   Section        4  thread.o(.data)
    .data                                    0x2000003c   Section       12  tick.o(.data)
    .data                                    0x20000048   Section      148  lcd.o(.data)
    static_airLevel                          0x20000049   Data           1  lcd.o(.data)
    last_dot_position                        0x2000004a   Data           1  lcd.o(.data)
    lastDir                                  0x2000004b   Data           1  lcd.o(.data)
    .data                                    0x200000dc   Section        8  lcd.o(.data)
    .data                                    0x200000e4   Section        8  lcd.o(.data)
    .data                                    0x200000ec   Section        8  lcd.o(.data)
    .data                                    0x200000f4   Section        8  lcd.o(.data)
    .data                                    0x200000fc   Section        8  lcd.o(.data)
    .data                                    0x20000104   Section        8  lcd.o(.data)
    .data                                    0x2000010c   Section        8  lcd.o(.data)
    .data                                    0x20000114   Section        8  lcd.o(.data)
    .data                                    0x2000011c   Section        8  lcd.o(.data)
    .data                                    0x20000124   Section        8  lcd.o(.data)
    .data                                    0x2000012c   Section        8  lcd.o(.data)
    .data                                    0x20000134   Section        8  lcd.o(.data)
    .data                                    0x2000013c   Section        8  lcd.o(.data)
    .data                                    0x20000144   Section        8  lcd.o(.data)
    .data                                    0x2000014c   Section        8  lcd.o(.data)
    .data                                    0x20000154   Section        8  lcd.o(.data)
    .data                                    0x2000015c   Section        8  lcd.o(.data)
    .data                                    0x20000164   Section        8  lcd.o(.data)
    .data                                    0x2000016c   Section        8  lcd.o(.data)
    .data                                    0x20000174   Section        8  lcd.o(.data)
    .data                                    0x2000017c   Section        8  lcd.o(.data)
    .data                                    0x20000184   Section        8  lcd.o(.data)
    .data                                    0x2000018c   Section        8  lcd.o(.data)
    .data                                    0x20000194   Section        8  lcd.o(.data)
    .data                                    0x2000019c   Section       20  system_stm32f0xx.o(.data)
    .data                                    0x200001b0   Section        4  stm32f0xx_hal.o(.data)
    uwTick                                   0x200001b0   Data           4  stm32f0xx_hal.o(.data)
    .data                                    0x200001b4   Section        4  mvars.o(.data)
    .data                                    0x200001b8   Section        4  mvars.o(.data)
    .bss                                     0x200001bc   Section      168  usart.o(.bss)
    .bss                                     0x20000264   Section      128  main.o(.bss)
    .bss                                     0x200002e4   Section       60  tim.o(.bss)
    .bss                                     0x20000320   Section       20  wwdg.o(.bss)
    .bss                                     0x20000338   Section       32  stm32f0xx_hal_flash.o(.bss)
    HEAP                                     0x20000358   Section      512  startup_stm32f030x8.o(HEAP)
    STACK                                    0x20000558   Section     1024  startup_stm32f030x8.o(STACK)

    Global Symbols

    Symbol Name                              Value     Ov Type        Size  Object(Section)

    BuildAttributes$$THM_ISAv3M$S$PE$A:L22$X:L11$S22$IEEE1$IW$USESV6$~STKCKD$USESV7$~SHL$OTIME$ROPI$IEEEJ$EBA8$MICROLIB$REQ8$PRES8$EABIv2 0x00000000   Number         0  anon$$obj.o ABSOLUTE
    __ARM_use_no_argv                        0x00000000   Number         0  main.o ABSOLUTE
    __cpp_initialize__aeabi_                  - Undefined Weak Reference
    __cxa_finalize                            - Undefined Weak Reference
    _clock_init                               - Undefined Weak Reference
    _microlib_exit                            - Undefined Weak Reference
    __Vectors_Size                           0x000000b4   Number         0  startup_stm32f030x8.o ABSOLUTE
    __Vectors                                0x08000000   Data           4  startup_stm32f030x8.o(RESET)
    __Vectors_End                            0x080000b4   Data           0  startup_stm32f030x8.o(RESET)
    __main                                   0x080000b5   Thumb Code     0  entry.o(.ARM.Collect$$$$00000000)
    _main_stk                                0x080000b5   Thumb Code     0  entry2.o(.ARM.Collect$$$$00000001)
    _main_scatterload                        0x080000b9   Thumb Code     0  entry5.o(.ARM.Collect$$$$00000004)
    __main_after_scatterload                 0x080000bd   Thumb Code     0  entry5.o(.ARM.Collect$$$$00000004)
    _main_clock                              0x080000bd   Thumb Code     0  entry7b.o(.ARM.Collect$$$$00000008)
    _main_cpp_init                           0x080000bd   Thumb Code     0  entry8b.o(.ARM.Collect$$$$0000000A)
    _main_init                               0x080000bd   Thumb Code     0  entry9a.o(.ARM.Collect$$$$0000000B)
    __rt_final_cpp                           0x080000c5   Thumb Code     0  entry10a.o(.ARM.Collect$$$$0000000D)
    __rt_final_exit                          0x080000c5   Thumb Code     0  entry11a.o(.ARM.Collect$$$$0000000F)
    Reset_Handler                            0x080000c9   Thumb Code     8  startup_stm32f030x8.o(.text)
    NMI_Handler                              0x080000d1   Thumb Code     2  startup_stm32f030x8.o(.text)
    HardFault_Handler                        0x080000d3   Thumb Code     2  startup_stm32f030x8.o(.text)
    SVC_Handler                              0x080000d5   Thumb Code     2  startup_stm32f030x8.o(.text)
    PendSV_Handler                           0x080000d7   Thumb Code     2  startup_stm32f030x8.o(.text)
    ADC1_IRQHandler                          0x080000db   Thumb Code     0  startup_stm32f030x8.o(.text)
    DMA1_Channel1_IRQHandler                 0x080000db   Thumb Code     0  startup_stm32f030x8.o(.text)
    DMA1_Channel2_3_IRQHandler               0x080000db   Thumb Code     0  startup_stm32f030x8.o(.text)
    EXTI0_1_IRQHandler                       0x080000db   Thumb Code     0  startup_stm32f030x8.o(.text)
    EXTI2_3_IRQHandler                       0x080000db   Thumb Code     0  startup_stm32f030x8.o(.text)
    EXTI4_15_IRQHandler                      0x080000db   Thumb Code     0  startup_stm32f030x8.o(.text)
    FLASH_IRQHandler                         0x080000db   Thumb Code     0  startup_stm32f030x8.o(.text)
    I2C1_IRQHandler                          0x080000db   Thumb Code     0  startup_stm32f030x8.o(.text)
    I2C2_IRQHandler                          0x080000db   Thumb Code     0  startup_stm32f030x8.o(.text)
    RCC_IRQHandler                           0x080000db   Thumb Code     0  startup_stm32f030x8.o(.text)
    RTC_IRQHandler                           0x080000db   Thumb Code     0  startup_stm32f030x8.o(.text)
    SPI1_IRQHandler                          0x080000db   Thumb Code     0  startup_stm32f030x8.o(.text)
    SPI2_IRQHandler                          0x080000db   Thumb Code     0  startup_stm32f030x8.o(.text)
    TIM14_IRQHandler                         0x080000db   Thumb Code     0  startup_stm32f030x8.o(.text)
    TIM15_IRQHandler                         0x080000db   Thumb Code     0  startup_stm32f030x8.o(.text)
    TIM16_IRQHandler                         0x080000db   Thumb Code     0  startup_stm32f030x8.o(.text)
    TIM17_IRQHandler                         0x080000db   Thumb Code     0  startup_stm32f030x8.o(.text)
    TIM1_CC_IRQHandler                       0x080000db   Thumb Code     0  startup_stm32f030x8.o(.text)
    TIM3_IRQHandler                          0x080000db   Thumb Code     0  startup_stm32f030x8.o(.text)
    USART1_IRQHandler                        0x080000db   Thumb Code     0  startup_stm32f030x8.o(.text)
    USART2_IRQHandler                        0x080000db   Thumb Code     0  startup_stm32f030x8.o(.text)
    WWDG_IRQHandler                          0x080000db   Thumb Code     0  startup_stm32f030x8.o(.text)
    __aeabi_uidiv                            0x080000e5   Thumb Code     0  uidiv.o(.text)
    __aeabi_uidivmod                         0x080000e5   Thumb Code    44  uidiv.o(.text)
    __aeabi_llsr                             0x08000111   Thumb Code    34  llushr.o(.text)
    _ll_ushift_r                             0x08000111   Thumb Code     0  llushr.o(.text)
    __aeabi_memset                           0x08000133   Thumb Code    14  memseta.o(.text)
    __aeabi_memset4                          0x08000133   Thumb Code     0  memseta.o(.text)
    __aeabi_memset8                          0x08000133   Thumb Code     0  memseta.o(.text)
    __aeabi_memclr                           0x08000141   Thumb Code     4  memseta.o(.text)
    __aeabi_memclr4                          0x08000141   Thumb Code     0  memseta.o(.text)
    __aeabi_memclr8                          0x08000141   Thumb Code     0  memseta.o(.text)
    _memset$wrapper                          0x08000145   Thumb Code    18  memseta.o(.text)
    strlen                                   0x08000157   Thumb Code    14  strlen.o(.text)
    __aeabi_fmul                             0x08000165   Thumb Code   122  fmul.o(.text)
    __aeabi_ui2f                             0x080001df   Thumb Code    14  ffltui.o(.text)
    __aeabi_ui2d                             0x080001ed   Thumb Code    24  dfltui.o(.text)
    __aeabi_d2uiz                            0x08000209   Thumb Code    50  dfixui.o(.text)
    __aeabi_f2d                              0x08000245   Thumb Code    40  f2d.o(.text)
    __aeabi_cdcmpeq                          0x0800026d   Thumb Code     0  cdcmple.o(.text)
    __aeabi_cdcmple                          0x0800026d   Thumb Code    38  cdcmple.o(.text)
    __I$use$fp                               0x08000295   Thumb Code     0  iusefp.o(.text)
    _float_round                             0x08000295   Thumb Code    16  fepilogue.o(.text)
    _float_epilogue                          0x080002a5   Thumb Code   114  fepilogue.o(.text)
    _double_round                            0x08000317   Thumb Code    26  depilogue.o(.text)
    _double_epilogue                         0x08000331   Thumb Code   164  depilogue.o(.text)
    __aeabi_dadd                             0x080003d5   Thumb Code   328  dadd.o(.text)
    __aeabi_dsub                             0x0800051d   Thumb Code    12  dadd.o(.text)
    __aeabi_drsub                            0x08000529   Thumb Code    12  dadd.o(.text)
    _drnd                                    0x08000539   Thumb Code   114  drnd.o(.text)
    __aeabi_cdrcmple                         0x080005b5   Thumb Code    38  cdrcmple.o(.text)
    __scatterload                            0x080005dd   Thumb Code    28  init.o(.text)
    __scatterload_rt2                        0x080005dd   Thumb Code     0  init.o(.text)
    __aeabi_llsl                             0x08000601   Thumb Code    32  llshl.o(.text)
    _ll_shift_l                              0x08000601   Thumb Code     0  llshl.o(.text)
    __aeabi_lasr                             0x08000621   Thumb Code    38  llsshr.o(.text)
    _ll_sshift_r                             0x08000621   Thumb Code     0  llsshr.o(.text)
    __decompress                             0x08000647   Thumb Code     0  __dczerorl2.o(.text)
    __decompress1                            0x08000647   Thumb Code    86  __dczerorl2.o(.text)
    DMA1_Channel4_5_IRQHandler               0x0800069d   Thumb Code    10  stm32f0xx_it.o(i.DMA1_Channel4_5_IRQHandler)
    FLASH_PageErase                          0x080006f5   Thumb Code    28  stm32f0xx_hal_flash_ex.o(i.FLASH_PageErase)
    FLASH_WaitForLastOperation               0x08000769   Thumb Code    80  stm32f0xx_hal_flash.o(i.FLASH_WaitForLastOperation)
    HAL_DMA_IRQHandler                       0x080007bd   Thumb Code   446  stm32f0xx_hal_dma.o(i.HAL_DMA_IRQHandler)
    HAL_DMA_Init                             0x08000991   Thumb Code    82  stm32f0xx_hal_dma.o(i.HAL_DMA_Init)
    HAL_DMA_Start_IT                         0x080009e9   Thumb Code    80  stm32f0xx_hal_dma.o(i.HAL_DMA_Start_IT)
    HAL_Delay                                0x08000a39   Thumb Code    22  stm32f0xx_hal.o(i.HAL_Delay)
    HAL_FLASHEx_Erase                        0x08000a51   Thumb Code   156  stm32f0xx_hal_flash_ex.o(i.HAL_FLASHEx_Erase)
    HAL_FLASH_Lock                           0x08000af9   Thumb Code    14  stm32f0xx_hal_flash.o(i.HAL_FLASH_Lock)
    HAL_FLASH_Program                        0x08000b0d   Thumb Code   126  stm32f0xx_hal_flash.o(i.HAL_FLASH_Program)
    HAL_FLASH_Unlock                         0x08000b99   Thumb Code    24  stm32f0xx_hal_flash.o(i.HAL_FLASH_Unlock)
    HAL_GPIO_Init                            0x08000bbd   Thumb Code   312  stm32f0xx_hal_gpio.o(i.HAL_GPIO_Init)
    HAL_GPIO_ReadPin                         0x08000d0d   Thumb Code    14  stm32f0xx_hal_gpio.o(i.HAL_GPIO_ReadPin)
    HAL_GPIO_WritePin                        0x08000d1b   Thumb Code    12  stm32f0xx_hal_gpio.o(i.HAL_GPIO_WritePin)
    HAL_GetTick                              0x08000d29   Thumb Code     6  stm32f0xx_hal.o(i.HAL_GetTick)
    HAL_IncTick                              0x08000d35   Thumb Code    10  stm32f0xx_hal.o(i.HAL_IncTick)
    HAL_Init                                 0x08000d45   Thumb Code    26  stm32f0xx_hal.o(i.HAL_Init)
    HAL_InitTick                             0x08000d65   Thumb Code    34  stm32f0xx_hal.o(i.HAL_InitTick)
    HAL_MspInit                              0x08000d89   Thumb Code    30  stm32f0xx_hal_msp.o(i.HAL_MspInit)
    HAL_NVIC_EnableIRQ                       0x08000dad   Thumb Code    14  stm32f0xx_hal_cortex.o(i.HAL_NVIC_EnableIRQ)
    HAL_NVIC_SetPriority                     0x08000dc1   Thumb Code    60  stm32f0xx_hal_cortex.o(i.HAL_NVIC_SetPriority)
    HAL_NVIC_SystemReset                     0x08000e05   Thumb Code    18  stm32f0xx_hal_cortex.o(i.HAL_NVIC_SystemReset)
    HAL_RCC_ClockConfig                      0x08000e21   Thumb Code   500  stm32f0xx_hal_rcc.o(i.HAL_RCC_ClockConfig)
    HAL_RCC_GetHCLKFreq                      0x08001021   Thumb Code    26  stm32f0xx_hal_rcc.o(i.HAL_RCC_GetHCLKFreq)
    HAL_RCC_GetPCLK1Freq                     0x08001049   Thumb Code    22  stm32f0xx_hal_rcc.o(i.HAL_RCC_GetPCLK1Freq)
    HAL_RCC_GetSysClockFreq                  0x08001069   Thumb Code   102  stm32f0xx_hal_rcc.o(i.HAL_RCC_GetSysClockFreq)
    HAL_RCC_OscConfig                        0x080010fd   Thumb Code  1176  stm32f0xx_hal_rcc.o(i.HAL_RCC_OscConfig)
    HAL_SYSTICK_CLKSourceConfig              0x08001595   Thumb Code    24  stm32f0xx_hal_cortex.o(i.HAL_SYSTICK_CLKSourceConfig)
    HAL_SYSTICK_Callback                     0x080015b1   Thumb Code     2  stm32f0xx_hal_cortex.o(i.HAL_SYSTICK_Callback)
    HAL_SYSTICK_Config                       0x080015b5   Thumb Code    46  stm32f0xx_hal_cortex.o(i.HAL_SYSTICK_Config)
    HAL_SYSTICK_IRQHandler                   0x080015f1   Thumb Code     8  stm32f0xx_hal_cortex.o(i.HAL_SYSTICK_IRQHandler)
    HAL_TIMEx_BreakCallback                  0x080015f9   Thumb Code     2  stm32f0xx_hal_tim_ex.o(i.HAL_TIMEx_BreakCallback)
    HAL_TIMEx_CommutationCallback            0x080015fb   Thumb Code     2  stm32f0xx_hal_tim_ex.o(i.HAL_TIMEx_CommutationCallback)
    HAL_TIMEx_MasterConfigSynchronization    0x080015fd   Thumb Code    76  stm32f0xx_hal_tim_ex.o(i.HAL_TIMEx_MasterConfigSynchronization)
    HAL_TIM_Base_Init                        0x08001649   Thumb Code    54  stm32f0xx_hal_tim.o(i.HAL_TIM_Base_Init)
    HAL_TIM_Base_MspInit                     0x08001681   Thumb Code    60  tim.o(i.HAL_TIM_Base_MspInit)
    HAL_TIM_Base_Start_IT                    0x080016c5   Thumb Code    22  stm32f0xx_hal_tim.o(i.HAL_TIM_Base_Start_IT)
    HAL_TIM_ConfigClockSource                0x080016db   Thumb Code   264  stm32f0xx_hal_tim.o(i.HAL_TIM_ConfigClockSource)
    HAL_TIM_IC_CaptureCallback               0x080017e3   Thumb Code     2  stm32f0xx_hal_tim.o(i.HAL_TIM_IC_CaptureCallback)
    HAL_TIM_IRQHandler                       0x080017e5   Thumb Code   362  stm32f0xx_hal_tim.o(i.HAL_TIM_IRQHandler)
    HAL_TIM_OC_DelayElapsedCallback          0x0800194f   Thumb Code     2  stm32f0xx_hal_tim.o(i.HAL_TIM_OC_DelayElapsedCallback)
    HAL_TIM_PWM_PulseFinishedCallback        0x08001951   Thumb Code     2  stm32f0xx_hal_tim.o(i.HAL_TIM_PWM_PulseFinishedCallback)
    HAL_TIM_PeriodElapsedCallback            0x08001955   Thumb Code    36  tick.o(i.HAL_TIM_PeriodElapsedCallback)
    HAL_TIM_TriggerCallback                  0x0800197d   Thumb Code     2  stm32f0xx_hal_tim.o(i.HAL_TIM_TriggerCallback)
    HAL_UART_ErrorCallback                   0x0800197f   Thumb Code     2  stm32f0xx_hal_uart.o(i.HAL_UART_ErrorCallback)
    HAL_UART_Init                            0x08001981   Thumb Code   114  stm32f0xx_hal_uart.o(i.HAL_UART_Init)
    HAL_UART_MspInit                         0x080019f5   Thumb Code   102  usart.o(i.HAL_UART_MspInit)
    HAL_UART_Receive_DMA                     0x08001a6d   Thumb Code   132  stm32f0xx_hal_uart.o(i.HAL_UART_Receive_DMA)
    HAL_UART_RxCpltCallback                  0x08001afd   Thumb Code     2  stm32f0xx_hal_uart.o(i.HAL_UART_RxCpltCallback)
    HAL_UART_RxHalfCpltCallback              0x08001aff   Thumb Code     2  stm32f0xx_hal_uart.o(i.HAL_UART_RxHalfCpltCallback)
    HAL_UART_Transmit                        0x08001b01   Thumb Code   206  stm32f0xx_hal_uart.o(i.HAL_UART_Transmit)
    HAL_WWDG_Init                            0x08001bcf   Thumb Code    74  stm32f0xx_hal_wwdg.o(i.HAL_WWDG_Init)
    HAL_WWDG_MspInit                         0x08001c19   Thumb Code    30  wwdg.o(i.HAL_WWDG_MspInit)
    MX_DMA_Init                              0x08001c41   Thumb Code    36  dma.o(i.MX_DMA_Init)
    MX_GPIO_Init                             0x08001c69   Thumb Code   132  gpio.o(i.MX_GPIO_Init)
    MX_TIM1_Init                             0x08001d01   Thumb Code    60  tim.o(i.MX_TIM1_Init)
    MX_USART2_UART_Init                      0x08001d45   Thumb Code    40  usart.o(i.MX_USART2_UART_Init)
    MX_WWDG_Init                             0x08001d75   Thumb Code    28  wwdg.o(i.MX_WWDG_Init)
    SysTick_Handler                          0x08001d99   Thumb Code    12  stm32f0xx_it.o(i.SysTick_Handler)
    SystemClock_Config                       0x08001da5   Thumb Code    88  main.o(i.SystemClock_Config)
    SystemInit                               0x08001dfd   Thumb Code    78  system_stm32f0xx.o(i.SystemInit)
    TIM1_BRK_UP_TRG_COM_IRQHandler           0x08001e59   Thumb Code    10  stm32f0xx_it.o(i.TIM1_BRK_UP_TRG_COM_IRQHandler)
    TIM_Base_SetConfig                       0x08001e69   Thumb Code   104  stm32f0xx_hal_tim.o(i.TIM_Base_SetConfig)
    UART_AdvFeatureConfig                    0x08001f5d   Thumb Code   204  stm32f0xx_hal_uart.o(i.UART_AdvFeatureConfig)
    UART_CheckIdleState                      0x08002029   Thumb Code    16  stm32f0xx_hal_uart.o(i.UART_CheckIdleState)
    UART_SetConfig                           0x0800209d   Thumb Code   314  stm32f0xx_hal_uart.o(i.UART_SetConfig)
    UART_WaitOnFlagUntilTimeout              0x080021f1   Thumb Code   220  stm32f0xx_hal_uart.o(i.UART_WaitOnFlagUntilTimeout)
    __ARM_clz                                0x080022cd   Thumb Code    46  depilogue.o(i.__ARM_clz)
    __scatterload_copy                       0x080022fb   Thumb Code    14  handlers.o(i.__scatterload_copy)
    __scatterload_null                       0x08002309   Thumb Code     2  handlers.o(i.__scatterload_null)
    __scatterload_zeroinit                   0x0800230b   Thumb Code    14  handlers.o(i.__scatterload_zeroinit)
    button_addListener                       0x08002319   Thumb Code    54  button.o(i.button_addListener)
    button_clearStatus                       0x08002355   Thumb Code    18  button.o(i.button_clearStatus)
    button_getStatus                         0x0800236d   Thumb Code   324  button.o(i.button_getStatus)
    button_init                              0x080024c1   Thumb Code    66  button.o(i.button_init)
    button_removeListener                    0x08002509   Thumb Code    58  button.o(i.button_removeListener)
    button_run                               0x08002549   Thumb Code    48  button.o(i.button_run)
    button_tick                              0x0800257d   Thumb Code    68  button.o(i.button_tick)
    delayCall_run                            0x080025c5   Thumb Code    18  delaycall.o(i.delayCall_run)
    dust_init                                0x080025dd   Thumb Code    20  main.o(i.dust_init)
    dust_send                                0x080025f5   Thumb Code    26  main.o(i.dust_send)
    dust_update                              0x08002615   Thumb Code   294  main.o(i.dust_update)
    fpe_init                                 0x0800279d   Thumb Code    20  fpe.o(i.fpe_init)
    fpe_read                                 0x080027b5   Thumb Code    26  fpe.o(i.fpe_read)
    fpe_write                                0x080027d1   Thumb Code    64  fpe.o(i.fpe_write)
    free                                     0x08002815   Thumb Code    80  malloc.o(i.free)
    getThreadGroup                           0x080028d9   Thumb Code    26  thread.o(i.getThreadGroup)
    isButtonPressed                          0x08002971   Thumb Code    30  main.o(i.isButtonPressed)
    lcd_clear_all                            0x08002995   Thumb Code    42  lcd.o(i.lcd_clear_all)
    lcd_draw_rectangle                       0x080029c5   Thumb Code   150  lcd.o(i.lcd_draw_rectangle)
    lcd_init                                 0x08002a5d   Thumb Code   402  lcd.o(i.lcd_init)
    lcd_setDir                               0x08002bf5   Thumb Code    26  lcd.o(i.lcd_setDir)
    lcd_setHigh                              0x08002c15   Thumb Code    18  lcd.o(i.lcd_setHigh)
    lcd_setLow                               0x08002c27   Thumb Code    18  lcd.o(i.lcd_setLow)
    lcd_set_showfield                        0x08002c39   Thumb Code    90  lcd.o(i.lcd_set_showfield)
    lcd_showStaticImage                      0x08002c95   Thumb Code   248  lcd.o(i.lcd_showStaticImage)
    lcd_showmap                              0x08002dc5   Thumb Code   192  lcd.o(i.lcd_showmap)
    lcd_shownote                             0x08002e85   Thumb Code   440  lcd.o(i.lcd_shownote)
    lcd_update                               0x0800303d   Thumb Code   150  main.o(i.lcd_update)
    lcd_update_pm25                          0x080030d9   Thumb Code   490  lcd.o(i.lcd_update_pm25)
    lcd_writeCommand                         0x080032dd   Thumb Code    56  lcd.o(i.lcd_writeCommand)
    lcd_writeData                            0x08003321   Thumb Code    52  lcd.o(i.lcd_writeData)
    main                                     0x08003379   Thumb Code   232  main.o(i.main)
    malloc                                   0x0800348d   Thumb Code    92  malloc.o(i.malloc)
    oled_show_num                            0x080034f9   Thumb Code   364  lcd.o(i.oled_show_num)
    onModeButtonPressed                      0x08003689   Thumb Code   128  main.o(i.onModeButtonPressed)
    onPowerButtonPressed                     0x08003711   Thumb Code    36  main.o(i.onPowerButtonPressed)
    round                                    0x080037fd   Thumb Code   142  round.o(i.round)
    thread_add                               0x08003899   Thumb Code    66  thread.o(i.thread_add)
    thread_init                              0x080038dd   Thumb Code    40  thread.o(i.thread_init)
    thread_quickAdd                          0x08003909   Thumb Code    60  thread.o(i.thread_quickAdd)
    thread_remove                            0x08003945   Thumb Code    58  thread.o(i.thread_remove)
    thread_run                               0x08003981   Thumb Code    90  thread.o(i.thread_run)
    tick_add                                 0x080039e1   Thumb Code    20  tick.o(i.tick_add)
    tick_init                                0x080039f5   Thumb Code    20  tick.o(i.tick_init)
    tick_start                               0x08003a0d   Thumb Code     8  tick.o(i.tick_start)
    excellent                                0x08003a70   Data         120  lcd.o(.constdata)
    good                                     0x08003ae8   Data         120  lcd.o(.constdata)
    lightpollution                           0x08003b60   Data         450  lcd.o(.constdata)
    moderatelypolluted                       0x08003d6c   Data         450  lcd.o(.constdata)
    hwlt                                     0x08003f2e   Data        1870  lcd.o(.constdata)
    czmb                                     0x0800467c   Data         437  lcd.o(.constdata)
    hwlt_v                                   0x08004831   Data         897  lcd.o(.constdata)
    czmb_v                                   0x08004bb2   Data         340  lcd.o(.constdata)
    pm25_tag                                 0x08004d06   Data          70  lcd.o(.constdata)
    uint_tag                                 0x08004d4c   Data         119  lcd.o(.constdata)
    logo_tag                                 0x08004dc3   Data         308  lcd.o(.constdata)
    serverpolluted                           0x08004f94   Data         450  lcd.o(.constdata)
    seriouspollution                         0x08005156   Data         450  lcd.o(.constdata)
    num0                                     0x08005318   Data          44  lcd.o(.constdata)
    num1                                     0x08005344   Data          52  lcd.o(.constdata)
    num2                                     0x08005378   Data          76  lcd.o(.constdata)
    num3                                     0x080053c4   Data          76  lcd.o(.constdata)
    num4                                     0x08005410   Data          50  lcd.o(.constdata)
    num5                                     0x08005442   Data          76  lcd.o(.constdata)
    num6                                     0x0800548e   Data          74  lcd.o(.constdata)
    num7                                     0x080054d8   Data          31  lcd.o(.constdata)
    num8                                     0x080054f7   Data          72  lcd.o(.constdata)
    num9                                     0x0800553f   Data          74  lcd.o(.constdata)
    aAPBAHBPrescTable                        0x08005589   Data          16  stm32f0xx_hal_rcc.o(.constdata)
    Region$$Table$$Base                      0x0800559c   Number         0  anon$$obj.o(Region$$Table)
    Region$$Table$$Limit                     0x080055bc   Number         0  anon$$obj.o(Region$$Table)
    g_main_status                            0x20000000   Data           1  main.o(.data)
    g_dir                                    0x20000001   Data           1  main.o(.data)
    g_isIniting                              0x20000002   Data           1  main.o(.data)
    g_isJustShowPm25                         0x20000003   Data           1  main.o(.data)
    g_main_dustUart                          0x20000004   Data           4  main.o(.data)
    g_main_dustValue1                        0x20000008   Data           4  main.o(.data)
    g_main_dustValue                         0x2000000c   Data           4  main.o(.data)
    g_main_dustValuec                        0x20000010   Data           4  main.o(.data)
    g_main_dustValue10                       0x20000014   Data           4  main.o(.data)
    g_main_boot_tick                         0x20000018   Data           4  main.o(.data)
    g_button_start                           0x20000020   Data           4  button.o(.data)
    g_button_listener                        0x20000024   Data           4  button.o(.data)
    g_button_tick                            0x20000028   Data           4  button.o(.data)
    g_delay_tick                             0x2000002c   Data           4  delaycall.o(.data)
    g_fpe_page1                              0x20000030   Data           4  fpe.o(.data)
    g_fpe_page2                              0x20000034   Data           4  fpe.o(.data)
    g_thread_start                           0x20000038   Data           4  thread.o(.data)
    g_tick_start                             0x2000003c   Data           1  tick.o(.data)
    g_tick_tick                              0x20000040   Data           4  tick.o(.data)
    g_tick_htim                              0x20000044   Data           4  tick.o(.data)
    isPowOnJust                              0x20000048   Data           1  lcd.o(.data)
    RS                                       0x2000004c   Data           8  lcd.o(.data)
    WR                                       0x20000054   Data           8  lcd.o(.data)
    RD                                       0x2000005c   Data           8  lcd.o(.data)
    CS                                       0x20000064   Data           8  lcd.o(.data)
    RST                                      0x2000006c   Data           8  lcd.o(.data)
    LCD_EN                                   0x20000074   Data           8  lcd.o(.data)
    position_list_h                          0x2000007c   Data          48  lcd.o(.data)
    position_list_v                          0x200000ac   Data          48  lcd.o(.data)
    num_pos_horizontal                       0x200000dc   Data           8  lcd.o(.data)
    pm25_tag_pos_horizontal                  0x200000e4   Data           8  lcd.o(.data)
    uint_tag_pos_horizontal                  0x200000ec   Data           8  lcd.o(.data)
    line1_pos_horizontal                     0x200000f4   Data           8  lcd.o(.data)
    logo_pos_horizontal                      0x200000fc   Data           8  lcd.o(.data)
    line2_pos_horizontal                     0x20000104   Data           8  lcd.o(.data)
    bc_pos_horizontal                        0x2000010c   Data           8  lcd.o(.data)
    airlevel_pos_horizontal                  0x20000114   Data           8  lcd.o(.data)
    num_clear_pos_horizontal                 0x2000011c   Data           8  lcd.o(.data)
    airlevel_posclear_horizontal             0x20000124   Data           8  lcd.o(.data)
    init_interface_horizontal                0x2000012c   Data           8  lcd.o(.data)
    init_czmb_horizontal                     0x20000134   Data           8  lcd.o(.data)
    num_pos_vertical                         0x2000013c   Data           8  lcd.o(.data)
    pm25_tag_pos_vertical                    0x20000144   Data           8  lcd.o(.data)
    uint_tag_pos_vertical                    0x2000014c   Data           8  lcd.o(.data)
    line1_pos_vertical                       0x20000154   Data           8  lcd.o(.data)
    logo_pos_vertical                        0x2000015c   Data           8  lcd.o(.data)
    line2_pos_vertical                       0x20000164   Data           8  lcd.o(.data)
    bc_pos_vertical                          0x2000016c   Data           8  lcd.o(.data)
    airlevel_pos_vertical                    0x20000174   Data           8  lcd.o(.data)
    num_clear_pos_vertical                   0x2000017c   Data           8  lcd.o(.data)
    airlevel_posclear_vertical               0x20000184   Data           8  lcd.o(.data)
    init_interface_vertical                  0x2000018c   Data           8  lcd.o(.data)
    init_czmb_vertical                       0x20000194   Data           8  lcd.o(.data)
    SystemCoreClock                          0x2000019c   Data           4  system_stm32f0xx.o(.data)
    AHBPrescTable                            0x200001a0   Data          16  system_stm32f0xx.o(.data)
    __microlib_freelist                      0x200001b4   Data           4  mvars.o(.data)
    __microlib_freelist_initialised          0x200001b8   Data           4  mvars.o(.data)
    huart2                                   0x200001bc   Data         112  usart.o(.bss)
    hdma_usart2_rx                           0x2000022c   Data          56  usart.o(.bss)
    g_main_dustBuffer                        0x20000264   Data         128  main.o(.bss)
    htim1                                    0x200002e4   Data          60  tim.o(.bss)
    hwwdg                                    0x20000320   Data          20  wwdg.o(.bss)
    pFlash                                   0x20000338   Data          32  stm32f0xx_hal_flash.o(.bss)
    __heap_base                              0x20000358   Data           0  startup_stm32f030x8.o(HEAP)
    __heap_limit                             0x20000558   Data           0  startup_stm32f030x8.o(HEAP)
    __initial_sp                             0x20000958   Data           0  startup_stm32f030x8.o(STACK)



==============================================================================

Memory Map of the image

  Image Entry point : 0x080000b5

  Load Region LR_IROM1 (Base: 0x08000000, Size: 0x00005778, Max: 0x00010000, ABSOLUTE, COMPRESSED[0x000056b4])

    Execution Region ER_IROM1 (Base: 0x08000000, Size: 0x000055bc, Max: 0x00010000, ABSOLUTE)

    Base Addr    Size         Type   Attr      Idx    E Section Name        Object

    0x08000000   0x000000b4   Data   RO         1294    RESET               startup_stm32f030x8.o
    0x080000b4   0x00000000   Code   RO         3318  * .ARM.Collect$$$$00000000  mc_p.l(entry.o)
    0x080000b4   0x00000004   Code   RO         3405    .ARM.Collect$$$$00000001  mc_p.l(entry2.o)
    0x080000b8   0x00000004   Code   RO         3408    .ARM.Collect$$$$00000004  mc_p.l(entry5.o)
    0x080000bc   0x00000000   Code   RO         3410    .ARM.Collect$$$$00000008  mc_p.l(entry7b.o)
    0x080000bc   0x00000000   Code   RO         3412    .ARM.Collect$$$$0000000A  mc_p.l(entry8b.o)
    0x080000bc   0x00000008   Code   RO         3413    .ARM.Collect$$$$0000000B  mc_p.l(entry9a.o)
    0x080000c4   0x00000000   Code   RO         3415    .ARM.Collect$$$$0000000D  mc_p.l(entry10a.o)
    0x080000c4   0x00000000   Code   RO         3417    .ARM.Collect$$$$0000000F  mc_p.l(entry11a.o)
    0x080000c4   0x00000004   Code   RO         3406    .ARM.Collect$$$$00002712  mc_p.l(entry2.o)
    0x080000c8   0x0000001c   Code   RO         1295    .text               startup_stm32f030x8.o
    0x080000e4   0x0000002c   Code   RO         3321    .text               mc_p.l(uidiv.o)
    0x08000110   0x00000022   Code   RO         3323    .text               mc_p.l(llushr.o)
    0x08000132   0x00000024   Code   RO         3325    .text               mc_p.l(memseta.o)
    0x08000156   0x0000000e   Code   RO         3331    .text               mc_p.l(strlen.o)
    0x08000164   0x0000007a   Code   RO         3393    .text               mf_p.l(fmul.o)
    0x080001de   0x0000000e   Code   RO         3395    .text               mf_p.l(ffltui.o)
    0x080001ec   0x0000001c   Code   RO         3397    .text               mf_p.l(dfltui.o)
    0x08000208   0x0000003c   Code   RO         3399    .text               mf_p.l(dfixui.o)
    0x08000244   0x00000028   Code   RO         3401    .text               mf_p.l(f2d.o)
    0x0800026c   0x00000028   Code   RO         3403    .text               mf_p.l(cdcmple.o)
    0x08000294   0x00000000   Code   RO         3432    .text               mc_p.l(iusefp.o)
    0x08000294   0x00000082   Code   RO         3433    .text               mf_p.l(fepilogue.o)
    0x08000316   0x000000be   Code   RO         3435    .text               mf_p.l(depilogue.o)
    0x080003d4   0x00000164   Code   RO         3439    .text               mf_p.l(dadd.o)
    0x08000538   0x0000007c   Code   RO         3445    .text               mf_p.l(drnd.o)
    0x080005b4   0x00000028   Code   RO         3449    .text               mf_p.l(cdrcmple.o)
    0x080005dc   0x00000024   Code   RO         3451    .text               mc_p.l(init.o)
    0x08000600   0x00000020   Code   RO         3454    .text               mc_p.l(llshl.o)
    0x08000620   0x00000026   Code   RO         3456    .text               mc_p.l(llsshr.o)
    0x08000646   0x00000056   Code   RO         3467    .text               mc_p.l(__dczerorl2.o)
    0x0800069c   0x00000010   Code   RO          152    i.DMA1_Channel4_5_IRQHandler  stm32f0xx_it.o
    0x080006ac   0x00000024   Code   RO         1428    i.DMA_SetConfig     stm32f0xx_hal_dma.o
    0x080006d0   0x00000024   Code   RO         1744    i.FLASH_MassErase   stm32f0xx_hal_flash_ex.o
    0x080006f4   0x00000024   Code   RO         1753    i.FLASH_PageErase   stm32f0xx_hal_flash_ex.o
    0x08000718   0x00000020   Code   RO         1872    i.FLASH_Program_HalfWord  stm32f0xx_hal_flash.o
    0x08000738   0x00000030   Code   RO         1873    i.FLASH_SetErrorCode  stm32f0xx_hal_flash.o
    0x08000768   0x00000054   Code   RO         1874    i.FLASH_WaitForLastOperation  stm32f0xx_hal_flash.o
    0x080007bc   0x000001d4   Code   RO         1433    i.HAL_DMA_IRQHandler  stm32f0xx_hal_dma.o
    0x08000990   0x00000058   Code   RO         1434    i.HAL_DMA_Init      stm32f0xx_hal_dma.o
    0x080009e8   0x00000050   Code   RO         1437    i.HAL_DMA_Start_IT  stm32f0xx_hal_dma.o
    0x08000a38   0x00000016   Code   RO         1976    i.HAL_Delay         stm32f0xx_hal.o
    0x08000a4e   0x00000002   PAD
    0x08000a50   0x000000a8   Code   RO         1754    i.HAL_FLASHEx_Erase  stm32f0xx_hal_flash_ex.o
    0x08000af8   0x00000014   Code   RO         1878    i.HAL_FLASH_Lock    stm32f0xx_hal_flash.o
    0x08000b0c   0x0000008c   Code   RO         1883    i.HAL_FLASH_Program  stm32f0xx_hal_flash.o
    0x08000b98   0x00000024   Code   RO         1885    i.HAL_FLASH_Unlock  stm32f0xx_hal_flash.o
    0x08000bbc   0x00000150   Code   RO         2227    i.HAL_GPIO_Init     stm32f0xx_hal_gpio.o
    0x08000d0c   0x0000000e   Code   RO         2229    i.HAL_GPIO_ReadPin  stm32f0xx_hal_gpio.o
    0x08000d1a   0x0000000c   Code   RO         2231    i.HAL_GPIO_WritePin  stm32f0xx_hal_gpio.o
    0x08000d26   0x00000002   PAD
    0x08000d28   0x0000000c   Code   RO         1980    i.HAL_GetTick       stm32f0xx_hal.o
    0x08000d34   0x00000010   Code   RO         1981    i.HAL_IncTick       stm32f0xx_hal.o
    0x08000d44   0x00000020   Code   RO         1982    i.HAL_Init          stm32f0xx_hal.o
    0x08000d64   0x00000022   Code   RO         1983    i.HAL_InitTick      stm32f0xx_hal.o
    0x08000d86   0x00000002   PAD
    0x08000d88   0x00000024   Code   RO          350    i.HAL_MspInit       stm32f0xx_hal_msp.o
    0x08000dac   0x00000014   Code   RO         2105    i.HAL_NVIC_EnableIRQ  stm32f0xx_hal_cortex.o
    0x08000dc0   0x00000044   Code   RO         2109    i.HAL_NVIC_SetPriority  stm32f0xx_hal_cortex.o
    0x08000e04   0x0000001c   Code   RO         2110    i.HAL_NVIC_SystemReset  stm32f0xx_hal_cortex.o
    0x08000e20   0x00000200   Code   RO         1334    i.HAL_RCC_ClockConfig  stm32f0xx_hal_rcc.o
    0x08001020   0x00000028   Code   RO         1339    i.HAL_RCC_GetHCLKFreq  stm32f0xx_hal_rcc.o
    0x08001048   0x00000020   Code   RO         1341    i.HAL_RCC_GetPCLK1Freq  stm32f0xx_hal_rcc.o
    0x08001068   0x00000094   Code   RO         1342    i.HAL_RCC_GetSysClockFreq  stm32f0xx_hal_rcc.o
    0x080010fc   0x00000498   Code   RO         1345    i.HAL_RCC_OscConfig  stm32f0xx_hal_rcc.o
    0x08001594   0x0000001c   Code   RO         2111    i.HAL_SYSTICK_CLKSourceConfig  stm32f0xx_hal_cortex.o
    0x080015b0   0x00000002   Code   RO         2112    i.HAL_SYSTICK_Callback  stm32f0xx_hal_cortex.o
    0x080015b2   0x00000002   PAD
    0x080015b4   0x0000003c   Code   RO         2113    i.HAL_SYSTICK_Config  stm32f0xx_hal_cortex.o
    0x080015f0   0x00000008   Code   RO         2114    i.HAL_SYSTICK_IRQHandler  stm32f0xx_hal_cortex.o
    0x080015f8   0x00000002   Code   RO         3009    i.HAL_TIMEx_BreakCallback  stm32f0xx_hal_tim_ex.o
    0x080015fa   0x00000002   Code   RO         3010    i.HAL_TIMEx_CommutationCallback  stm32f0xx_hal_tim_ex.o
    0x080015fc   0x0000004c   Code   RO         3026    i.HAL_TIMEx_MasterConfigSynchronization  stm32f0xx_hal_tim_ex.o
    0x08001648   0x00000036   Code   RO         2374    i.HAL_TIM_Base_Init  stm32f0xx_hal_tim.o
    0x0800167e   0x00000002   PAD
    0x08001680   0x00000044   Code   RO          391    i.HAL_TIM_Base_MspInit  tim.o
    0x080016c4   0x00000016   Code   RO         2379    i.HAL_TIM_Base_Start_IT  stm32f0xx_hal_tim.o
    0x080016da   0x00000108   Code   RO         2383    i.HAL_TIM_ConfigClockSource  stm32f0xx_hal_tim.o
    0x080017e2   0x00000002   Code   RO         2403    i.HAL_TIM_IC_CaptureCallback  stm32f0xx_hal_tim.o
    0x080017e4   0x0000016a   Code   RO         2416    i.HAL_TIM_IRQHandler  stm32f0xx_hal_tim.o
    0x0800194e   0x00000002   Code   RO         2419    i.HAL_TIM_OC_DelayElapsedCallback  stm32f0xx_hal_tim.o
    0x08001950   0x00000002   Code   RO         2446    i.HAL_TIM_PWM_PulseFinishedCallback  stm32f0xx_hal_tim.o
    0x08001952   0x00000002   PAD
    0x08001954   0x00000028   Code   RO          937    i.HAL_TIM_PeriodElapsedCallback  tick.o
    0x0800197c   0x00000002   Code   RO         2457    i.HAL_TIM_TriggerCallback  stm32f0xx_hal_tim.o
    0x0800197e   0x00000002   Code   RO         1512    i.HAL_UART_ErrorCallback  stm32f0xx_hal_uart.o
    0x08001980   0x00000072   Code   RO         1515    i.HAL_UART_Init     stm32f0xx_hal_uart.o
    0x080019f2   0x00000002   PAD
    0x080019f4   0x00000078   Code   RO          112    i.HAL_UART_MspInit  usart.o
    0x08001a6c   0x00000090   Code   RO         1519    i.HAL_UART_Receive_DMA  stm32f0xx_hal_uart.o
    0x08001afc   0x00000002   Code   RO         1521    i.HAL_UART_RxCpltCallback  stm32f0xx_hal_uart.o
    0x08001afe   0x00000002   Code   RO         1522    i.HAL_UART_RxHalfCpltCallback  stm32f0xx_hal_uart.o
    0x08001b00   0x000000ce   Code   RO         1523    i.HAL_UART_Transmit  stm32f0xx_hal_uart.o
    0x08001bce   0x0000004a   Code   RO         3247    i.HAL_WWDG_Init     stm32f0xx_hal_wwdg.o
    0x08001c18   0x00000028   Code   RO         1257    i.HAL_WWDG_MspInit  wwdg.o
    0x08001c40   0x00000028   Code   RO            3    i.MX_DMA_Init       dma.o
    0x08001c68   0x00000098   Code   RO          370    i.MX_GPIO_Init      gpio.o
    0x08001d00   0x00000044   Code   RO          392    i.MX_TIM1_Init      tim.o
    0x08001d44   0x00000030   Code   RO          113    i.MX_USART2_UART_Init  usart.o
    0x08001d74   0x00000024   Code   RO         1258    i.MX_WWDG_Init      wwdg.o
    0x08001d98   0x0000000c   Code   RO          153    i.SysTick_Handler   stm32f0xx_it.o
    0x08001da4   0x00000058   Code   RO          189    i.SystemClock_Config  main.o
    0x08001dfc   0x0000005c   Code   RO         1302    i.SystemInit        system_stm32f0xx.o
    0x08001e58   0x00000010   Code   RO          154    i.TIM1_BRK_UP_TRG_COM_IRQHandler  stm32f0xx_it.o
    0x08001e68   0x00000080   Code   RO         2458    i.TIM_Base_SetConfig  stm32f0xx_hal_tim.o
    0x08001ee8   0x00000018   Code   RO         2465    i.TIM_ETR_SetConfig  stm32f0xx_hal_tim.o
    0x08001f00   0x00000010   Code   RO         2466    i.TIM_ITRx_SetConfig  stm32f0xx_hal_tim.o
    0x08001f10   0x00000024   Code   RO         2472    i.TIM_TI1_ConfigInputStage  stm32f0xx_hal_tim.o
    0x08001f34   0x00000028   Code   RO         2474    i.TIM_TI2_ConfigInputStage  stm32f0xx_hal_tim.o
    0x08001f5c   0x000000cc   Code   RO         1528    i.UART_AdvFeatureConfig  stm32f0xx_hal_uart.o
    0x08002028   0x00000010   Code   RO         1529    i.UART_CheckIdleState  stm32f0xx_hal_uart.o
    0x08002038   0x00000022   Code   RO         1530    i.UART_DMAError     stm32f0xx_hal_uart.o
    0x0800205a   0x00000038   Code   RO         1531    i.UART_DMAReceiveCplt  stm32f0xx_hal_uart.o
    0x08002092   0x0000000a   Code   RO         1532    i.UART_DMARxHalfCplt  stm32f0xx_hal_uart.o
    0x0800209c   0x00000154   Code   RO         1537    i.UART_SetConfig    stm32f0xx_hal_uart.o
    0x080021f0   0x000000dc   Code   RO         1539    i.UART_WaitOnFlagUntilTimeout  stm32f0xx_hal_uart.o
    0x080022cc   0x0000002e   Code   RO         3437    i.__ARM_clz         mf_p.l(depilogue.o)
    0x080022fa   0x0000000e   Code   RO         3461    i.__scatterload_copy  mc_p.l(handlers.o)
    0x08002308   0x00000002   Code   RO         3462    i.__scatterload_null  mc_p.l(handlers.o)
    0x0800230a   0x0000000e   Code   RO         3463    i.__scatterload_zeroinit  mc_p.l(handlers.o)
    0x08002318   0x0000003c   Code   RO          426    i.button_addListener  button.o
    0x08002354   0x00000018   Code   RO          427    i.button_clearStatus  button.o
    0x0800236c   0x00000154   Code   RO          429    i.button_getStatus  button.o
    0x080024c0   0x00000048   Code   RO          430    i.button_init       button.o
    0x08002508   0x00000040   Code   RO          431    i.button_removeListener  button.o
    0x08002548   0x00000034   Code   RO          432    i.button_run        button.o
    0x0800257c   0x00000048   Code   RO          433    i.button_tick       button.o
    0x080025c4   0x00000018   Code   RO          623    i.delayCall_run     delaycall.o
    0x080025dc   0x00000018   Code   RO          190    i.dust_init         main.o
    0x080025f4   0x00000020   Code   RO          191    i.dust_send         main.o
    0x08002614   0x0000014c   Code   RO          192    i.dust_update       main.o
    0x08002760   0x0000003c   Code   RO          867    i.execute           thread.o
    0x0800279c   0x00000018   Code   RO          654    i.fpe_init          fpe.o
    0x080027b4   0x0000001a   Code   RO          655    i.fpe_read          fpe.o
    0x080027ce   0x00000002   PAD
    0x080027d0   0x00000044   Code   RO          658    i.fpe_write         fpe.o
    0x08002814   0x00000054   Code   RO         3365    i.free              mc_p.l(malloc.o)
    0x08002868   0x00000020   Code   RO          434    i.getButtonById     button.o
    0x08002888   0x00000014   Code   RO          660    i.getCurrenPage     fpe.o
    0x0800289c   0x00000018   Code   RO          661    i.getFirstFreeOffset  fpe.o
    0x080028b4   0x00000024   Code   RO          435    i.getListener       button.o
    0x080028d8   0x00000020   Code   RO          868    i.getThreadGroup    thread.o
    0x080028f8   0x00000078   Code   RO          194    i.hw_init           main.o
    0x08002970   0x00000024   Code   RO          195    i.isButtonPressed   main.o
    0x08002994   0x00000030   Code   RO          991    i.lcd_clear_all     lcd.o
    0x080029c4   0x00000096   Code   RO          994    i.lcd_draw_rectangle  lcd.o
    0x08002a5a   0x00000002   PAD
    0x08002a5c   0x00000198   Code   RO          998    i.lcd_init          lcd.o
    0x08002bf4   0x00000020   Code   RO         1001    i.lcd_setDir        lcd.o
    0x08002c14   0x00000012   Code   RO         1002    i.lcd_setHigh       lcd.o
    0x08002c26   0x00000012   Code   RO         1003    i.lcd_setLow        lcd.o
    0x08002c38   0x0000005a   Code   RO         1007    i.lcd_set_showfield  lcd.o
    0x08002c92   0x00000002   PAD
    0x08002c94   0x00000130   Code   RO         1008    i.lcd_showStaticImage  lcd.o
    0x08002dc4   0x000000c0   Code   RO         1010    i.lcd_showmap       lcd.o
    0x08002e84   0x000001b8   Code   RO         1011    i.lcd_shownote      lcd.o
    0x0800303c   0x0000009c   Code   RO          196    i.lcd_update        main.o
    0x080030d8   0x00000204   Code   RO         1014    i.lcd_update_pm25   lcd.o
    0x080032dc   0x00000044   Code   RO         1015    i.lcd_writeCommand  lcd.o
    0x08003320   0x00000038   Code   RO         1016    i.lcd_writeData     lcd.o
    0x08003358   0x00000020   Code   RO          197    i.loadFlashData     main.o
    0x08003378   0x00000114   Code   RO          198    i.main              main.o
    0x0800348c   0x0000006c   Code   RO         3366    i.malloc            mc_p.l(malloc.o)
    0x080034f8   0x00000190   Code   RO         1017    i.oled_show_num     lcd.o
    0x08003688   0x00000088   Code   RO          200    i.onModeButtonPressed  main.o
    0x08003710   0x00000028   Code   RO          201    i.onPowerButtonPressed  main.o
    0x08003738   0x0000002a   Code   RO          662    i.readInPage        fpe.o
    0x08003762   0x00000098   Code   RO          663    i.reorder           fpe.o
    0x080037fa   0x00000002   PAD
    0x080037fc   0x0000009c   Code   RO         3316    i.round             m_ps.l(round.o)
    0x08003898   0x00000042   Code   RO          869    i.thread_add        thread.o
    0x080038da   0x00000002   PAD
    0x080038dc   0x0000002c   Code   RO          873    i.thread_init       thread.o
    0x08003908   0x0000003c   Code   RO          874    i.thread_quickAdd   thread.o
    0x08003944   0x0000003a   Code   RO          875    i.thread_remove     thread.o
    0x0800397e   0x00000002   PAD
    0x08003980   0x00000060   Code   RO          876    i.thread_run        thread.o
    0x080039e0   0x00000014   Code   RO          938    i.tick_add          tick.o
    0x080039f4   0x00000018   Code   RO          939    i.tick_init         tick.o
    0x08003a0c   0x0000000c   Code   RO          940    i.tick_start        tick.o
    0x08003a18   0x00000058   Code   RO          664    i.writeInPage       fpe.o
    0x08003a70   0x00000078   Data   RO         1018    .constdata          lcd.o
    0x08003ae8   0x00000078   Data   RO         1019    .constdata          lcd.o
    0x08003b60   0x000001c2   Data   RO         1020    .constdata          lcd.o
    0x08003d22   0x00000002   PAD
    0x08003d24   0x00001270   Data   RO         1021    .constdata          lcd.o
    0x08004f94   0x000001c2   Data   RO         1022    .constdata          lcd.o
    0x08005156   0x000001c2   Data   RO         1023    .constdata          lcd.o
    0x08005318   0x0000002c   Data   RO         1024    .constdata          lcd.o
    0x08005344   0x00000034   Data   RO         1025    .constdata          lcd.o
    0x08005378   0x0000004c   Data   RO         1026    .constdata          lcd.o
    0x080053c4   0x0000004c   Data   RO         1027    .constdata          lcd.o
    0x08005410   0x00000032   Data   RO         1028    .constdata          lcd.o
    0x08005442   0x0000004c   Data   RO         1029    .constdata          lcd.o
    0x0800548e   0x0000004a   Data   RO         1030    .constdata          lcd.o
    0x080054d8   0x0000001f   Data   RO         1031    .constdata          lcd.o
    0x080054f7   0x00000048   Data   RO         1032    .constdata          lcd.o
    0x0800553f   0x0000004a   Data   RO         1033    .constdata          lcd.o
    0x08005589   0x00000010   Data   RO         1346    .constdata          stm32f0xx_hal_rcc.o
    0x08005599   0x00000003   PAD
    0x0800559c   0x00000020   Data   RO         3459    Region$$Table       anon$$obj.o


    Execution Region RW_IRAM1 (Base: 0x20000000, Size: 0x00000958, Max: 0x00002000, ABSOLUTE, COMPRESSED[0x000000f8])

    Base Addr    Size         Type   Attr      Idx    E Section Name        Object

    0x20000000   0x00000020   Data   RW          205    .data               main.o
    0x20000020   0x0000000c   Data   RW          436    .data               button.o
    0x2000002c   0x00000004   Data   RW          625    .data               delaycall.o
    0x20000030   0x00000008   Data   RW          665    .data               fpe.o
    0x20000038   0x00000004   Data   RW          877    .data               thread.o
    0x2000003c   0x0000000c   Data   RW          942    .data               tick.o
    0x20000048   0x00000094   Data   RW         1036    .data               lcd.o
    0x200000dc   0x00000008   Data   RW         1050    .data               lcd.o
    0x200000e4   0x00000008   Data   RW         1051    .data               lcd.o
    0x200000ec   0x00000008   Data   RW         1052    .data               lcd.o
    0x200000f4   0x00000008   Data   RW         1053    .data               lcd.o
    0x200000fc   0x00000008   Data   RW         1054    .data               lcd.o
    0x20000104   0x00000008   Data   RW         1055    .data               lcd.o
    0x2000010c   0x00000008   Data   RW         1056    .data               lcd.o
    0x20000114   0x00000008   Data   RW         1057    .data               lcd.o
    0x2000011c   0x00000008   Data   RW         1058    .data               lcd.o
    0x20000124   0x00000008   Data   RW         1059    .data               lcd.o
    0x2000012c   0x00000008   Data   RW         1060    .data               lcd.o
    0x20000134   0x00000008   Data   RW         1061    .data               lcd.o
    0x2000013c   0x00000008   Data   RW         1062    .data               lcd.o
    0x20000144   0x00000008   Data   RW         1063    .data               lcd.o
    0x2000014c   0x00000008   Data   RW         1064    .data               lcd.o
    0x20000154   0x00000008   Data   RW         1065    .data               lcd.o
    0x2000015c   0x00000008   Data   RW         1066    .data               lcd.o
    0x20000164   0x00000008   Data   RW         1067    .data               lcd.o
    0x2000016c   0x00000008   Data   RW         1068    .data               lcd.o
    0x20000174   0x00000008   Data   RW         1069    .data               lcd.o
    0x2000017c   0x00000008   Data   RW         1070    .data               lcd.o
    0x20000184   0x00000008   Data   RW         1071    .data               lcd.o
    0x2000018c   0x00000008   Data   RW         1072    .data               lcd.o
    0x20000194   0x00000008   Data   RW         1073    .data               lcd.o
    0x2000019c   0x00000014   Data   RW         1303    .data               system_stm32f0xx.o
    0x200001b0   0x00000004   Data   RW         1988    .data               stm32f0xx_hal.o
    0x200001b4   0x00000004   Data   RW         3430    .data               mc_p.l(mvars.o)
    0x200001b8   0x00000004   Data   RW         3431    .data               mc_p.l(mvars.o)
    0x200001bc   0x000000a8   Zero   RW          114    .bss                usart.o
    0x20000264   0x00000080   Zero   RW          203    .bss                main.o
    0x200002e4   0x0000003c   Zero   RW          393    .bss                tim.o
    0x20000320   0x00000014   Zero   RW         1259    .bss                wwdg.o
    0x20000334   0x00000004   PAD
    0x20000338   0x00000020   Zero   RW         1886    .bss                stm32f0xx_hal_flash.o
    0x20000358   0x00000200   Zero   RW         1293    HEAP                startup_stm32f030x8.o
    0x20000558   0x00000400   Zero   RW         1292    STACK               startup_stm32f030x8.o


==============================================================================

Image component sizes


      Code (inc. data)   RO Data    RW Data    ZI Data      Debug   Object Name

       752         64          0         12          0       7327   button.o
        24          6          0          4          0       1467   delaycall.o
        40          4          0          0          0     179754   dma.o
       444         14          0          8          0       5460   fpe.o
       152         20          0          0          0        871   gpio.o
      2740        152       6935        340          0      16550   lcd.o
      1272        140          0         32        128      12516   main.o
        28          8        180          0       1536        808   startup_stm32f030x8.o
       116         18          0          4          0       3870   stm32f0xx_hal.o
       214         42          0          0          0      11190   stm32f0xx_hal_cortex.o
       672         28          0          0          0       3971   stm32f0xx_hal_dma.o
       360         54          0          0         32       4534   stm32f0xx_hal_flash.o
       240         30          0          0          0       2639   stm32f0xx_hal_flash_ex.o
       362         24          0          0          0       3311   stm32f0xx_hal_gpio.o
        36          6          0          0          0        826   stm32f0xx_hal_msp.o
      1908         94         16          0          0       7233   stm32f0xx_hal_rcc.o
       954         24          0          0          0       9871   stm32f0xx_hal_tim.o
        80          0          0          0          0       2558   stm32f0xx_hal_tim_ex.o
      1350         38          0          0          0      10869   stm32f0xx_hal_uart.o
        74          0          0          0          0       1188   stm32f0xx_hal_wwdg.o
        44         12          0          0          0       1340   stm32f0xx_it.o
        92         14          0         20          0       1445   system_stm32f0xx.o
       416         16          0          4          0       5248   thread.o
        96         12          0         12          0       2799   tick.o
       136         16          0          0         60       1490   tim.o
       168         26          0          0        168       1601   usart.o
        76         18          0          0         20       1378   wwdg.o

    ----------------------------------------------------------------------
     12872        880       7168        436       1948     302114   Object Totals
         0          0         32          0          0          0   (incl. Generated)
        26          0          5          0          4          0   (incl. Padding)

    ----------------------------------------------------------------------

      Code (inc. data)   RO Data    RW Data    ZI Data      Debug   Library Member Name

       156         14          0          0          0         84   round.o
        86          0          0          0          0          0   __dczerorl2.o
         0          0          0          0          0          0   entry.o
         0          0          0          0          0          0   entry10a.o
         0          0          0          0          0          0   entry11a.o
         8          4          0          0          0          0   entry2.o
         4          0          0          0          0          0   entry5.o
         0          0          0          0          0          0   entry7b.o
         0          0          0          0          0          0   entry8b.o
         8          4          0          0          0          0   entry9a.o
        30          0          0          0          0          0   handlers.o
        36          8          0          0          0         68   init.o
         0          0          0          0          0          0   iusefp.o
        32          0          0          0          0         68   llshl.o
        38          0          0          0          0         68   llsshr.o
        34          0          0          0          0         68   llushr.o
       192         20          0          0          0        144   malloc.o
        36          0          0          0          0        100   memseta.o
         0          0          0          8          0          0   mvars.o
        14          0          0          0          0         60   strlen.o
        44          0          0          0          0         72   uidiv.o
        40          2          0          0          0         68   cdcmple.o
        40          2          0          0          0         68   cdrcmple.o
       356          4          0          0          0        140   dadd.o
       236          0          0          0          0        216   depilogue.o
        60         10          0          0          0         68   dfixui.o
        28          4          0          0          0         68   dfltui.o
       124         10          0          0          0         76   drnd.o
        40          0          0          0          0         60   f2d.o
       130          0          0          0          0        144   fepilogue.o
        14          0          0          0          0         68   ffltui.o
       122          0          0          0          0         72   fmul.o

    ----------------------------------------------------------------------
      1908         82          0          8          0       1780   Library Totals
         0          0          0          0          0          0   (incl. Padding)

    ----------------------------------------------------------------------

      Code (inc. data)   RO Data    RW Data    ZI Data      Debug   Library Name

       156         14          0          0          0         84   m_ps.l
       562         36          0          8          0        648   mc_p.l
      1190         32          0          0          0       1048   mf_p.l

    ----------------------------------------------------------------------
      1908         82          0          8          0       1780   Library Totals

    ----------------------------------------------------------------------

==============================================================================


      Code (inc. data)   RO Data    RW Data    ZI Data      Debug   

     14780        962       7168        444       1948     297634   Grand Totals
     14780        962       7168        248       1948     297634   ELF Image Totals (compressed)
     14780        962       7168        248          0          0   ROM Totals

==============================================================================

    Total RO  Size (Code + RO Data)                21948 (  21.43kB)
    Total RW  Size (RW Data + ZI Data)              2392 (   2.34kB)
    Total ROM Size (Code + RO Data + RW Data)      22196 (  21.68kB)

==============================================================================

